Archive member included to satisfy reference by file (symbol)

e:/stm32_cubeide/stm32cubeide_1.7.0/stm32cubeide/plugins/com.st.stm32cube.ide.mcu.externaltools.gnu-tools-for-stm32.9-2020-q2-update.win32_2.0.0.202105311346/tools/bin/../lib/gcc/arm-none-eabi/9.3.1/../../../../arm-none-eabi/lib/thumb/v7-m/nofp\libc_nano.a(lib_a-errno.o)
                              ./Core/Src/syscalls.o (__errno)
e:/stm32_cubeide/stm32cubeide_1.7.0/stm32cubeide/plugins/com.st.stm32cube.ide.mcu.externaltools.gnu-tools-for-stm32.9-2020-q2-update.win32_2.0.0.202105311346/tools/bin/../lib/gcc/arm-none-eabi/9.3.1/../../../../arm-none-eabi/lib/thumb/v7-m/nofp\libc_nano.a(lib_a-exit.o)
                              e:/stm32_cubeide/stm32cubeide_1.7.0/stm32cubeide/plugins/com.st.stm32cube.ide.mcu.externaltools.gnu-tools-for-stm32.9-2020-q2-update.win32_2.0.0.202105311346/tools/bin/../lib/gcc/arm-none-eabi/9.3.1/../../../../arm-none-eabi/lib/thumb/v7-m/nofp/crt0.o (exit)
e:/stm32_cubeide/stm32cubeide_1.7.0/stm32cubeide/plugins/com.st.stm32cube.ide.mcu.externaltools.gnu-tools-for-stm32.9-2020-q2-update.win32_2.0.0.202105311346/tools/bin/../lib/gcc/arm-none-eabi/9.3.1/../../../../arm-none-eabi/lib/thumb/v7-m/nofp\libc_nano.a(lib_a-impure.o)
                              e:/stm32_cubeide/stm32cubeide_1.7.0/stm32cubeide/plugins/com.st.stm32cube.ide.mcu.externaltools.gnu-tools-for-stm32.9-2020-q2-update.win32_2.0.0.202105311346/tools/bin/../lib/gcc/arm-none-eabi/9.3.1/../../../../arm-none-eabi/lib/thumb/v7-m/nofp\libc_nano.a(lib_a-exit.o) (_global_impure_ptr)
e:/stm32_cubeide/stm32cubeide_1.7.0/stm32cubeide/plugins/com.st.stm32cube.ide.mcu.externaltools.gnu-tools-for-stm32.9-2020-q2-update.win32_2.0.0.202105311346/tools/bin/../lib/gcc/arm-none-eabi/9.3.1/../../../../arm-none-eabi/lib/thumb/v7-m/nofp\libc_nano.a(lib_a-init.o)
                              e:/stm32_cubeide/stm32cubeide_1.7.0/stm32cubeide/plugins/com.st.stm32cube.ide.mcu.externaltools.gnu-tools-for-stm32.9-2020-q2-update.win32_2.0.0.202105311346/tools/bin/../lib/gcc/arm-none-eabi/9.3.1/../../../../arm-none-eabi/lib/thumb/v7-m/nofp/crt0.o (__libc_init_array)
e:/stm32_cubeide/stm32cubeide_1.7.0/stm32cubeide/plugins/com.st.stm32cube.ide.mcu.externaltools.gnu-tools-for-stm32.9-2020-q2-update.win32_2.0.0.202105311346/tools/bin/../lib/gcc/arm-none-eabi/9.3.1/../../../../arm-none-eabi/lib/thumb/v7-m/nofp\libc_nano.a(lib_a-memset.o)
                              e:/stm32_cubeide/stm32cubeide_1.7.0/stm32cubeide/plugins/com.st.stm32cube.ide.mcu.externaltools.gnu-tools-for-stm32.9-2020-q2-update.win32_2.0.0.202105311346/tools/bin/../lib/gcc/arm-none-eabi/9.3.1/../../../../arm-none-eabi/lib/thumb/v7-m/nofp/crt0.o (memset)
e:/stm32_cubeide/stm32cubeide_1.7.0/stm32cubeide/plugins/com.st.stm32cube.ide.mcu.externaltools.gnu-tools-for-stm32.9-2020-q2-update.win32_2.0.0.202105311346/tools/bin/../lib/gcc/arm-none-eabi/9.3.1/../../../../arm-none-eabi/lib/thumb/v7-m/nofp\libc_nano.a(lib_a-snprintf.o)
                              ./Core/Src/lcd.o (snprintf)
e:/stm32_cubeide/stm32cubeide_1.7.0/stm32cubeide/plugins/com.st.stm32cube.ide.mcu.externaltools.gnu-tools-for-stm32.9-2020-q2-update.win32_2.0.0.202105311346/tools/bin/../lib/gcc/arm-none-eabi/9.3.1/../../../../arm-none-eabi/lib/thumb/v7-m/nofp\libc_nano.a(lib_a-nano-svfprintf.o)
                              e:/stm32_cubeide/stm32cubeide_1.7.0/stm32cubeide/plugins/com.st.stm32cube.ide.mcu.externaltools.gnu-tools-for-stm32.9-2020-q2-update.win32_2.0.0.202105311346/tools/bin/../lib/gcc/arm-none-eabi/9.3.1/../../../../arm-none-eabi/lib/thumb/v7-m/nofp\libc_nano.a(lib_a-snprintf.o) (_svfprintf_r)
e:/stm32_cubeide/stm32cubeide_1.7.0/stm32cubeide/plugins/com.st.stm32cube.ide.mcu.externaltools.gnu-tools-for-stm32.9-2020-q2-update.win32_2.0.0.202105311346/tools/bin/../lib/gcc/arm-none-eabi/9.3.1/../../../../arm-none-eabi/lib/thumb/v7-m/nofp\libc_nano.a(lib_a-nano-vfprintf_i.o)
                              e:/stm32_cubeide/stm32cubeide_1.7.0/stm32cubeide/plugins/com.st.stm32cube.ide.mcu.externaltools.gnu-tools-for-stm32.9-2020-q2-update.win32_2.0.0.202105311346/tools/bin/../lib/gcc/arm-none-eabi/9.3.1/../../../../arm-none-eabi/lib/thumb/v7-m/nofp\libc_nano.a(lib_a-nano-svfprintf.o) (_printf_i)
e:/stm32_cubeide/stm32cubeide_1.7.0/stm32cubeide/plugins/com.st.stm32cube.ide.mcu.externaltools.gnu-tools-for-stm32.9-2020-q2-update.win32_2.0.0.202105311346/tools/bin/../lib/gcc/arm-none-eabi/9.3.1/../../../../arm-none-eabi/lib/thumb/v7-m/nofp\libc_nano.a(lib_a-memchr-stub.o)
                              e:/stm32_cubeide/stm32cubeide_1.7.0/stm32cubeide/plugins/com.st.stm32cube.ide.mcu.externaltools.gnu-tools-for-stm32.9-2020-q2-update.win32_2.0.0.202105311346/tools/bin/../lib/gcc/arm-none-eabi/9.3.1/../../../../arm-none-eabi/lib/thumb/v7-m/nofp\libc_nano.a(lib_a-nano-svfprintf.o) (memchr)
[...]
Memory Configuration

Name             Origin             Length             Attributes
RAM              0x0000000020000000 0x0000000000005000 xrw
FLASH            0x0000000008000000 0x0000000000020000 xr
*default*        0x0000000000000000 0xffffffffffffffff

Linker script and memory map

LOAD e:/stm32_cubeide/stm32cubeide_1.7.0/stm32cubeide/plugins/com.st.stm32cube.ide.mcu.externaltools.gnu-tools-for-stm32.9-2020-q2-update.win32_2.0.0.202105311346/tools/bin/../lib/gcc/arm-none-eabi/9.3.1/thumb/v7-m/nofp/crti.o
LOAD e:/stm32_cubeide/stm32cubeide_1.7.0/stm32cubeide/plugins/com.st.stm32cube.ide.mcu.externaltools.gnu-tools-for-stm32.9-2020-q2-update.win32_2.0.0.202105311346/tools/bin/../lib/gcc/arm-none-eabi/9.3.1/thumb/v7-m/nofp/crtbegin.o
LOAD e:/stm32_cubeide/stm32cubeide_1.7.0/stm32cubeide/plugins/com.st.stm32cube.ide.mcu.externaltools.gnu-tools-for-stm32.9-2020-q2-update.win32_2.0.0.202105311346/tools/bin/../lib/gcc/arm-none-eabi/9.3.1/../../../../arm-none-eabi/lib/thumb/v7-m/nofp/crt0.o
LOAD ./Core/Src/button.o
LOAD ./Core/Src/fsm_automatic.o
LOAD ./Core/Src/fsm_manual.o
LOAD ./Core/Src/global.o
LOAD ./Core/Src/lcd.o
LOAD ./Core/Src/main.o
LOAD ./Core/Src/run_task.o
LOAD ./Core/Src/scheduler.o
LOAD ./Core/Src/stm32f1xx_hal_msp.o
LOAD ./Core/Src/stm32f1xx_it.o
LOAD ./Core/Src/syscalls.o
LOAD ./Core/Src/sysmem.o
LOAD ./Core/Src/system_stm32f1xx.o
LOAD ./Core/Src/traffic_light.o
LOAD ./Core/Startup/startup_stm32f103rbtx.o
LOAD ./Drivers/STM32F1xx_HAL_Driver/Src/stm32f1xx_hal.o
LOAD ./Drivers/STM32F1xx_HAL_Driver/Src/stm32f1xx_hal_cortex.o
LOAD ./Drivers/STM32F1xx_HAL_Driver/Src/stm32f1xx_hal_dma.o
LOAD ./Drivers/STM32F1xx_HAL_Driver/Src/stm32f1xx_hal_exti.o
LOAD ./Drivers/STM32F1xx_HAL_Driver/Src/stm32f1xx_hal_flash.o
LOAD ./Drivers/STM32F1xx_HAL_Driver/Src/stm32f1xx_hal_flash_ex.o
LOAD ./Drivers/STM32F1xx_HAL_Driver/Src/stm32f1xx_hal_gpio.o
LOAD ./Drivers/STM32F1xx_HAL_Driver/Src/stm32f1xx_hal_gpio_ex.o
LOAD ./Drivers/STM32F1xx_HAL_Driver/Src/stm32f1xx_hal_i2c.o
LOAD ./Drivers/STM32F1xx_HAL_Driver/Src/stm32f1xx_hal_pwr.o
LOAD ./Drivers/STM32F1xx_HAL_Driver/Src/stm32f1xx_hal_rcc.o
LOAD ./Drivers/STM32F1xx_HAL_Driver/Src/stm32f1xx_hal_rcc_ex.o
LOAD ./Drivers/STM32F1xx_HAL_Driver/Src/stm32f1xx_hal_tim.o
LOAD ./Drivers/STM32F1xx_HAL_Driver/Src/stm32f1xx_hal_tim_ex.o
LOAD ./Drivers/STM32F1xx_HAL_Driver/Src/stm32f1xx_hal_uart.o
START GROUP
LOAD e:/stm32_cubeide/stm32cubeide_1.7.0/stm32cubeide/plugins/com.st.stm32cube.ide.mcu.externaltools.gnu-tools-for-stm32.9-2020-q2-update.win32_2.0.0.202105311346/tools/bin/../lib/gcc/arm-none-eabi/9.3.1/../../../../arm-none-eabi/lib/thumb/v7-m/nofp\libc_nano.a
LOAD e:/stm32_cubeide/stm32cubeide_1.7.0/stm32cubeide/plugins/com.st.stm32cube.ide.mcu.externaltools.gnu-tools-for-stm32.9-2020-q2-update.win32_2.0.0.202105311346/tools/bin/../lib/gcc/arm-none-eabi/9.3.1/../../../../arm-none-eabi/lib/thumb/v7-m/nofp\libm.a
END GROUP
START GROUP
LOAD e:/stm32_cubeide/stm32cubeide_1.7.0/stm32cubeide/plugins/com.st.stm32cube.ide.mcu.externaltools.gnu-tools-for-stm32.9-2020-q2-update.win32_2.0.0.202105311346/tools/bin/../lib/gcc/arm-none-eabi/9.3.1/thumb/v7-m/nofp\libgcc.a
LOAD e:/stm32_cubeide/stm32cubeide_1.7.0/stm32cubeide/plugins/com.st.stm32cube.ide.mcu.externaltools.gnu-tools-for-stm32.9-2020-q2-update.win32_2.0.0.202105311346/tools/bin/../lib/gcc/arm-none-eabi/9.3.1/../../../../arm-none-eabi/lib/thumb/v7-m/nofp\libc_nano.a
END GROUP
START GROUP
LOAD e:/stm32_cubeide/stm32cubeide_1.7.0/stm32cubeide/plugins/com.st.stm32cube.ide.mcu.externaltools.gnu-tools-for-stm32.9-2020-q2-update.win32_2.0.0.202105311346/tools/bin/../lib/gcc/arm-none-eabi/9.3.1/thumb/v7-m/nofp\libgcc.a
LOAD e:/stm32_cubeide/stm32cubeide_1.7.0/stm32cubeide/plugins/com.st.stm32cube.ide.mcu.externaltools.gnu-tools-for-stm32.9-2020-q2-update.win32_2.0.0.202105311346/tools/bin/../lib/gcc/arm-none-eabi/9.3.1/../../../../arm-none-eabi/lib/thumb/v7-m/nofp\libc_nano.a
LOAD e:/stm32_cubeide/stm32cubeide_1.7.0/stm32cubeide/plugins/com.st.stm32cube.ide.mcu.externaltools.gnu-tools-for-stm32.9-2020-q2-update.win32_2.0.0.202105311346/tools/bin/../lib/gcc/arm-none-eabi/9.3.1/../../../../arm-none-eabi/lib/thumb/v7-m/nofp\libnosys.a
END GROUP
START GROUP
LOAD e:/stm32_cubeide/stm32cubeide_1.7.0/stm32cubeide/plugins/com.st.stm32cube.ide.mcu.externaltools.gnu-tools-for-stm32.9-2020-q2-update.win32_2.0.0.202105311346/tools/bin/../lib/gcc/arm-none-eabi/9.3.1/thumb/v7-m/nofp\libgcc.a
LOAD e:/stm32_cubeide/stm32cubeide_1.7.0/stm32cubeide/plugins/com.st.stm32cube.ide.mcu.externaltools.gnu-tools-for-stm32.9-2020-q2-update.win32_2.0.0.202105311346/tools/bin/../lib/gcc/arm-none-eabi/9.3.1/../../../../arm-none-eabi/lib/thumb/v7-m/nofp\libc_nano.a
LOAD e:/stm32_cubeide/stm32cubeide_1.7.0/stm32cubeide/plugins/com.st.stm32cube.ide.mcu.externaltools.gnu-tools-for-stm32.9-2020-q2-update.win32_2.0.0.202105311346/tools/bin/../lib/gcc/arm-none-eabi/9.3.1/../../../../arm-none-eabi/lib/thumb/v7-m/nofp\libnosys.a
END GROUP
LOAD e:/stm32_cubeide/stm32cubeide_1.7.0/stm32cubeide/plugins/com.st.stm32cube.ide.mcu.externaltools.gnu-tools-for-stm32.9-2020-q2-update.win32_2.0.0.202105311346/tools/bin/../lib/gcc/arm-none-eabi/9.3.1/thumb/v7-m/nofp/crtend.o
LOAD e:/stm32_cubeide/stm32cubeide_1.7.0/stm32cubeide/plugins/com.st.stm32cube.ide.mcu.externaltools.gnu-tools-for-stm32.9-2020-q2-update.win32_2.0.0.202105311346/tools/bin/../lib/gcc/arm-none-eabi/9.3.1/thumb/v7-m/nofp/crtn.o
                0x0000000020005000                _estack = (ORIGIN (RAM) + LENGTH (RAM))
                0x0000000000000200                _Min_Heap_Size = 0x200
                0x0000000000000400                _Min_Stack_Size = 0x400

.isr_vector     0x0000000008000000      0x10c
                0x0000000008000000                . = ALIGN (0x4)
 *(.isr_vector)
 .isr_vector    0x0000000008000000      0x10c ./Core/Startup/startup_stm32f103rbtx.o
                0x0000000008000000                g_pfnVectors
                0x000000000800010c                . = ALIGN (0x4)

.text           0x000000000800010c     0x62f0
                0x000000000800010c                . = ALIGN (0x4)
 *(.text)
 .text          0x000000000800010c       0x40 e:/stm32_cubeide/stm32cubeide_1.7.0/stm32cubeide/plugins/com.st.stm32cube.ide.mcu.externaltools.gnu-tools-for-stm32.9-2020-q2-update.win32_2.0.0.202105311346/tools/bin/../lib/gcc/arm-none-eabi/9.3.1/thumb/v7-m/nofp/crtbegin.o
 *(.text*)
 .text.isButtonPressed
                0x000000000800014c       0x34 ./Core/Src/button.o
                0x000000000800014c                isButtonPressed
 .text.subKeyProcess
                0x0000000008000180       0x20 ./Core/Src/button.o
                0x0000000008000180                subKeyProcess
 .text.getKeyInput
                0x00000000080001a0      0x100 ./Core/Src/button.o
                0x00000000080001a0                getKeyInput
 .text.autoMODE1_task
                0x00000000080002a0      0x104 ./Core/Src/fsm_automatic.o
                0x00000000080002a0                autoMODE1_task
 .text.autoMODE2_task
                0x00000000080003a4      0x104 ./Core/Src/fsm_automatic.o
                0x00000000080003a4                autoMODE2_task
 .text.autoMODE3_task
                0x00000000080004a8       0xd4 ./Core/Src/fsm_automatic.o
                0x00000000080004a8                autoMODE3_task
 .text.autoMODE4_task
                0x000000000800057c       0x88 ./Core/Src/fsm_automatic.o
                0x000000000800057c                autoMODE4_task
 .text.manMODE2_1_task
                0x0000000008000604       0x3c ./Core/Src/fsm_manual.o
                0x0000000008000604                manMODE2_1_task
 .text.manMODE2_2_task
                0x0000000008000640       0x84 ./Core/Src/fsm_manual.o
                0x0000000008000640                manMODE2_2_task
 .text.manMODE2_3_task
                0x00000000080006c4      0x118 ./Core/Src/fsm_manual.o
                0x00000000080006c4                manMODE2_3_task
 .text.manMODE3_1_task
                0x00000000080007dc       0x3c ./Core/Src/fsm_manual.o
                0x00000000080007dc                manMODE3_1_task
 .text.manMODE3_2_task
                0x0000000008000818       0x84 ./Core/Src/fsm_manual.o
                0x0000000008000818                manMODE3_2_task
 .text.manMODE3_3_task
                0x000000000800089c      0x11c ./Core/Src/fsm_manual.o
                0x000000000800089c                manMODE3_3_task
 .text.manMODE4_1_task
                0x00000000080009b8       0x3c ./Core/Src/fsm_manual.o
                0x00000000080009b8                manMODE4_1_task
 .text.manMODE4_2_task
                0x00000000080009f4       0x84 ./Core/Src/fsm_manual.o
                0x00000000080009f4                manMODE4_2_task
 .text.manMODE4_3_task
                0x0000000008000a78      0x138 ./Core/Src/fsm_manual.o
                0x0000000008000a78                manMODE4_3_task
 .text.initWaitingTime
                0x0000000008000bb0       0x34 ./Core/Src/global.o
                0x0000000008000bb0                initWaitingTime
 .text.time_traffic_base
                0x0000000008000be4       0x3c ./Core/Src/global.o
                0x0000000008000be4                time_traffic_base
 .text.initVar  0x0000000008000c20       0xec ./Core/Src/global.o
                0x0000000008000c20                initVar
 .text.lcd_send_cmd
                0x0000000008000d0c       0x60 ./Core/Src/lcd.o
                0x0000000008000d0c                lcd_send_cmd
 .text.lcd_send_data
                0x0000000008000d6c       0x60 ./Core/Src/lcd.o
                0x0000000008000d6c                lcd_send_data
 .text.lcd_init
                0x0000000008000dcc       0x5c ./Core/Src/lcd.o
                0x0000000008000dcc                lcd_init
 .text.lcd_send_string
                0x0000000008000e28       0x2a ./Core/Src/lcd.o
                0x0000000008000e28                lcd_send_string
 .text.lcd_clear_display
                0x0000000008000e52       0x1c ./Core/Src/lcd.o
                0x0000000008000e52                lcd_clear_display
 .text.lcd_goto_XY
                0x0000000008000e6e       0x44 ./Core/Src/lcd.o
                0x0000000008000e6e                lcd_goto_XY
 *fill*         0x0000000008000eb2        0x2 
 .text.lcd_send_int
                0x0000000008000eb4       0x2c ./Core/Src/lcd.o
                0x0000000008000eb4                lcd_send_int
 .text.LED_TEST
                0x0000000008000ee0       0x14 ./Core/Src/main.o
                0x0000000008000ee0                LED_TEST
 .text.main     0x0000000008000ef4       0x40 ./Core/Src/main.o
                0x0000000008000ef4                main
 .text.SystemClock_Config
                0x0000000008000f34       0x82 ./Core/Src/main.o
                0x0000000008000f34                SystemClock_Config
 *fill*         0x0000000008000fb6        0x2 
 .text.MX_I2C1_Init
                0x0000000008000fb8       0x5c ./Core/Src/main.o
 .text.MX_TIM2_Init
                0x0000000008001014       0x98 ./Core/Src/main.o
 .text.MX_USART2_UART_Init
                0x00000000080010ac       0x54 ./Core/Src/main.o
 .text.MX_GPIO_Init
                0x0000000008001100      0x164 ./Core/Src/main.o
 .text.HAL_TIM_PeriodElapsedCallback
                0x0000000008001264       0x14 ./Core/Src/main.o
                0x0000000008001264                HAL_TIM_PeriodElapsedCallback
 .text.Error_Handler
                0x0000000008001278        0xa ./Core/Src/main.o
                0x0000000008001278                Error_Handler
 *fill*         0x0000000008001282        0x2 
 .text.run_task
                0x0000000008001284       0xec ./Core/Src/run_task.o
                0x0000000008001284                run_task
 .text.SCH_Init
                0x0000000008001370       0x2a ./Core/Src/scheduler.o
                0x0000000008001370                SCH_Init
 *fill*         0x000000000800139a        0x2 
 .text.SCH_Add_Task
                0x000000000800139c       0xb0 ./Core/Src/scheduler.o
                0x000000000800139c                SCH_Add_Task
 .text.SCH_Delete_Task
                0x000000000800144c       0x64 ./Core/Src/scheduler.o
                0x000000000800144c                SCH_Delete_Task
 .text.SCH_Update
                0x00000000080014b0       0x98 ./Core/Src/scheduler.o
                0x00000000080014b0                SCH_Update
 .text.SCH_Dispatch_Tasks
                0x0000000008001548       0x84 ./Core/Src/scheduler.o
                0x0000000008001548                SCH_Dispatch_Tasks
 .text.HAL_MspInit
                0x00000000080015cc       0x64 ./Core/Src/stm32f1xx_hal_msp.o
                0x00000000080015cc                HAL_MspInit
 .text.HAL_I2C_MspInit
                0x0000000008001630       0xc0 ./Core/Src/stm32f1xx_hal_msp.o
                0x0000000008001630                HAL_I2C_MspInit
 .text.HAL_TIM_Base_MspInit
                0x00000000080016f0       0x48 ./Core/Src/stm32f1xx_hal_msp.o
                0x00000000080016f0                HAL_TIM_Base_MspInit
 .text.HAL_UART_MspInit
                0x0000000008001738       0x7c ./Core/Src/stm32f1xx_hal_msp.o
                0x0000000008001738                HAL_UART_MspInit
 .text.NMI_Handler
                0x00000000080017b4        0x6 ./Core/Src/stm32f1xx_it.o
                0x00000000080017b4                NMI_Handler
 .text.HardFault_Handler
                0x00000000080017ba        0x6 ./Core/Src/stm32f1xx_it.o
                0x00000000080017ba                HardFault_Handler
 .text.MemManage_Handler
                0x00000000080017c0        0x6 ./Core/Src/stm32f1xx_it.o
                0x00000000080017c0                MemManage_Handler
 .text.BusFault_Handler
                0x00000000080017c6        0x6 ./Core/Src/stm32f1xx_it.o
                0x00000000080017c6                BusFault_Handler
 .text.UsageFault_Handler
                0x00000000080017cc        0x6 ./Core/Src/stm32f1xx_it.o
                0x00000000080017cc                UsageFault_Handler
 .text.SVC_Handler
                0x00000000080017d2        0xc ./Core/Src/stm32f1xx_it.o
                0x00000000080017d2                SVC_Handler
 .text.DebugMon_Handler
                0x00000000080017de        0xc ./Core/Src/stm32f1xx_it.o
                0x00000000080017de                DebugMon_Handler
 .text.PendSV_Handler
                0x00000000080017ea        0xc ./Core/Src/stm32f1xx_it.o
                0x00000000080017ea                PendSV_Handler
 .text.SysTick_Handler
                0x00000000080017f6        0xc ./Core/Src/stm32f1xx_it.o
                0x00000000080017f6                SysTick_Handler
 *fill*         0x0000000008001802        0x2 
 .text.TIM2_IRQHandler
                0x0000000008001804       0x14 ./Core/Src/stm32f1xx_it.o
                0x0000000008001804                TIM2_IRQHandler
 .text.I2C1_EV_IRQHandler
                0x0000000008001818       0x14 ./Core/Src/stm32f1xx_it.o
                0x0000000008001818                I2C1_EV_IRQHandler
 .text.I2C1_ER_IRQHandler
                0x000000000800182c       0x14 ./Core/Src/stm32f1xx_it.o
                0x000000000800182c                I2C1_ER_IRQHandler
 .text.EXTI15_10_IRQHandler
                0x0000000008001840       0x10 ./Core/Src/stm32f1xx_it.o
                0x0000000008001840                EXTI15_10_IRQHandler
 .text._sbrk    0x0000000008001850       0x6c ./Core/Src/sysmem.o
                0x0000000008001850                _sbrk
 .text.SystemInit
                0x00000000080018bc        0xc ./Core/Src/system_stm32f1xx.o
                0x00000000080018bc                SystemInit
 .text.enableRed1
                0x00000000080018c8       0x20 ./Core/Src/traffic_light.o
                0x00000000080018c8                enableRed1
 .text.enableYellow1
                0x00000000080018e8       0x20 ./Core/Src/traffic_light.o
                0x00000000080018e8                enableYellow1
 .text.enableGreen1
                0x0000000008001908       0x20 ./Core/Src/traffic_light.o
                0x0000000008001908                enableGreen1
 .text.enableRed2
                0x0000000008001928       0x24 ./Core/Src/traffic_light.o
                0x0000000008001928                enableRed2
 .text.enableYellow2
                0x000000000800194c       0x24 ./Core/Src/traffic_light.o
                0x000000000800194c                enableYellow2
 .text.enableGreen2
                0x0000000008001970       0x24 ./Core/Src/traffic_light.o
                0x0000000008001970                enableGreen2
 .text.enableRed3
                0x0000000008001994       0x24 ./Core/Src/traffic_light.o
                0x0000000008001994                enableRed3
 .text.enableYellow3
                0x00000000080019b8       0x24 ./Core/Src/traffic_light.o
                0x00000000080019b8                enableYellow3
 .text.enableGreen3
                0x00000000080019dc       0x24 ./Core/Src/traffic_light.o
                0x00000000080019dc                enableGreen3
 .text.enableRed4
                0x0000000008001a00       0x24 ./Core/Src/traffic_light.o
                0x0000000008001a00                enableRed4
 .text.enableYellow4
                0x0000000008001a24       0x24 ./Core/Src/traffic_light.o
                0x0000000008001a24                enableYellow4
 .text.enableGreen4
                0x0000000008001a48       0x24 ./Core/Src/traffic_light.o
                0x0000000008001a48                enableGreen4
 .text.toggleRED1
                0x0000000008001a6c       0x84 ./Core/Src/traffic_light.o
                0x0000000008001a6c                toggleRED1
 .text.toggleRED2
                0x0000000008001af0       0x80 ./Core/Src/traffic_light.o
                0x0000000008001af0                toggleRED2
 .text.toggleGREEN1
                0x0000000008001b70       0x84 ./Core/Src/traffic_light.o
                0x0000000008001b70                toggleGREEN1
 .text.toggleGREEN2
                0x0000000008001bf4       0x80 ./Core/Src/traffic_light.o
                0x0000000008001bf4                toggleGREEN2
 .text.toggleYELLOW1
                0x0000000008001c74       0x84 ./Core/Src/traffic_light.o
                0x0000000008001c74                toggleYELLOW1
 .text.toggleYELLOW2
                0x0000000008001cf8       0x80 ./Core/Src/traffic_light.o
                0x0000000008001cf8                toggleYELLOW2
 .text.Reset_Handler
                0x0000000008001d78       0x48 ./Core/Startup/startup_stm32f103rbtx.o
                0x0000000008001d78                Reset_Handler
 .text.Default_Handler
                0x0000000008001dc0        0x2 ./Core/Startup/startup_stm32f103rbtx.o
                0x0000000008001dc0                RTC_Alarm_IRQHandler
                0x0000000008001dc0                EXTI2_IRQHandler
                0x0000000008001dc0                TIM1_CC_IRQHandler
                0x0000000008001dc0                PVD_IRQHandler
                0x0000000008001dc0                EXTI3_IRQHandler
                0x0000000008001dc0                EXTI0_IRQHandler
                0x0000000008001dc0                I2C2_EV_IRQHandler
                0x0000000008001dc0                ADC1_2_IRQHandler
                0x0000000008001dc0                SPI1_IRQHandler
                0x0000000008001dc0                TAMPER_IRQHandler
                0x0000000008001dc0                DMA1_Channel4_IRQHandler
                0x0000000008001dc0                USART3_IRQHandler
                0x0000000008001dc0                RTC_IRQHandler
                0x0000000008001dc0                DMA1_Channel7_IRQHandler
                0x0000000008001dc0                CAN1_RX1_IRQHandler
                0x0000000008001dc0                TIM4_IRQHandler
                0x0000000008001dc0                DMA1_Channel6_IRQHandler
                0x0000000008001dc0                TIM3_IRQHandler
                0x0000000008001dc0                RCC_IRQHandler
                0x0000000008001dc0                TIM1_TRG_COM_IRQHandler
                0x0000000008001dc0                DMA1_Channel1_IRQHandler
                0x0000000008001dc0                Default_Handler
                0x0000000008001dc0                EXTI9_5_IRQHandler
                0x0000000008001dc0                SPI2_IRQHandler
                0x0000000008001dc0                DMA1_Channel5_IRQHandler
                0x0000000008001dc0                EXTI4_IRQHandler
                0x0000000008001dc0                USB_LP_CAN1_RX0_IRQHandler
                0x0000000008001dc0                USB_HP_CAN1_TX_IRQHandler
                0x0000000008001dc0                DMA1_Channel3_IRQHandler
                0x0000000008001dc0                TIM1_UP_IRQHandler
                0x0000000008001dc0                WWDG_IRQHandler
                0x0000000008001dc0                TIM1_BRK_IRQHandler
                0x0000000008001dc0                EXTI1_IRQHandler
                0x0000000008001dc0                USART2_IRQHandler
                0x0000000008001dc0                I2C2_ER_IRQHandler
                0x0000000008001dc0                DMA1_Channel2_IRQHandler
                0x0000000008001dc0                CAN1_SCE_IRQHandler
                0x0000000008001dc0                FLASH_IRQHandler
                0x0000000008001dc0                USART1_IRQHandler
                0x0000000008001dc0                USBWakeUp_IRQHandler
 *fill*         0x0000000008001dc2        0x2 
 .text.HAL_Init
                0x0000000008001dc4       0x2c ./Drivers/STM32F1xx_HAL_Driver/Src/stm32f1xx_hal.o
                0x0000000008001dc4                HAL_Init
 .text.HAL_InitTick
                0x0000000008001df0       0x60 ./Drivers/STM32F1xx_HAL_Driver/Src/stm32f1xx_hal.o
                0x0000000008001df0                HAL_InitTick
 .text.HAL_IncTick
                0x0000000008001e50       0x24 ./Drivers/STM32F1xx_HAL_Driver/Src/stm32f1xx_hal.o
                0x0000000008001e50                HAL_IncTick
 .text.HAL_GetTick
                0x0000000008001e74       0x14 ./Drivers/STM32F1xx_HAL_Driver/Src/stm32f1xx_hal.o
                0x0000000008001e74                HAL_GetTick
 .text.HAL_Delay
                0x0000000008001e88       0x48 ./Drivers/STM32F1xx_HAL_Driver/Src/stm32f1xx_hal.o
                0x0000000008001e88                HAL_Delay
 .text.__NVIC_SetPriorityGrouping
                0x0000000008001ed0       0x48 ./Drivers/STM32F1xx_HAL_Driver/Src/stm32f1xx_hal_cortex.o
 .text.__NVIC_GetPriorityGrouping
                0x0000000008001f18       0x1c ./Drivers/STM32F1xx_HAL_Driver/Src/stm32f1xx_hal_cortex.o
 .text.__NVIC_EnableIRQ
                0x0000000008001f34       0x38 ./Drivers/STM32F1xx_HAL_Driver/Src/stm32f1xx_hal_cortex.o
 .text.__NVIC_SetPriority
                0x0000000008001f6c       0x54 ./Drivers/STM32F1xx_HAL_Driver/Src/stm32f1xx_hal_cortex.o
 .text.NVIC_EncodePriority
                0x0000000008001fc0       0x64 ./Drivers/STM32F1xx_HAL_Driver/Src/stm32f1xx_hal_cortex.o
 .text.SysTick_Config
                0x0000000008002024       0x44 ./Drivers/STM32F1xx_HAL_Driver/Src/stm32f1xx_hal_cortex.o
 .text.HAL_NVIC_SetPriorityGrouping
                0x0000000008002068       0x16 ./Drivers/STM32F1xx_HAL_Driver/Src/stm32f1xx_hal_cortex.o
                0x0000000008002068                HAL_NVIC_SetPriorityGrouping
 .text.HAL_NVIC_SetPriority
                0x000000000800207e       0x38 ./Drivers/STM32F1xx_HAL_Driver/Src/stm32f1xx_hal_cortex.o
                0x000000000800207e                HAL_NVIC_SetPriority
 .text.HAL_NVIC_EnableIRQ
                0x00000000080020b6       0x1c ./Drivers/STM32F1xx_HAL_Driver/Src/stm32f1xx_hal_cortex.o
                0x00000000080020b6                HAL_NVIC_EnableIRQ
 .text.HAL_SYSTICK_Config
                0x00000000080020d2       0x18 ./Drivers/STM32F1xx_HAL_Driver/Src/stm32f1xx_hal_cortex.o
                0x00000000080020d2                HAL_SYSTICK_Config
 *fill*         0x00000000080020ea        0x2 
 .text.HAL_DMA_Abort_IT
                0x00000000080020ec       0xf0 ./Drivers/STM32F1xx_HAL_Driver/Src/stm32f1xx_hal_dma.o
                0x00000000080020ec                HAL_DMA_Abort_IT
 .text.HAL_DMA_GetState
                0x00000000080021dc       0x1a ./Drivers/STM32F1xx_HAL_Driver/Src/stm32f1xx_hal_dma.o
                0x00000000080021dc                HAL_DMA_GetState
 *fill*         0x00000000080021f6        0x2 
 .text.HAL_GPIO_Init
                0x00000000080021f8      0x308 ./Drivers/STM32F1xx_HAL_Driver/Src/stm32f1xx_hal_gpio.o
                0x00000000080021f8                HAL_GPIO_Init
 .text.HAL_GPIO_ReadPin
                0x0000000008002500       0x2e ./Drivers/STM32F1xx_HAL_Driver/Src/stm32f1xx_hal_gpio.o
                0x0000000008002500                HAL_GPIO_ReadPin
 .text.HAL_GPIO_WritePin
                0x000000000800252e       0x30 ./Drivers/STM32F1xx_HAL_Driver/Src/stm32f1xx_hal_gpio.o
                0x000000000800252e                HAL_GPIO_WritePin
 .text.HAL_GPIO_TogglePin
                0x000000000800255e       0x32 ./Drivers/STM32F1xx_HAL_Driver/Src/stm32f1xx_hal_gpio.o
                0x000000000800255e                HAL_GPIO_TogglePin
 .text.HAL_GPIO_EXTI_IRQHandler
                0x0000000008002590       0x30 ./Drivers/STM32F1xx_HAL_Driver/Src/stm32f1xx_hal_gpio.o
                0x0000000008002590                HAL_GPIO_EXTI_IRQHandler
 .text.HAL_GPIO_EXTI_Callback
                0x00000000080025c0       0x14 ./Drivers/STM32F1xx_HAL_Driver/Src/stm32f1xx_hal_gpio.o
                0x00000000080025c0                HAL_GPIO_EXTI_Callback
 .text.HAL_I2C_Init
                0x00000000080025d4      0x288 ./Drivers/STM32F1xx_HAL_Driver/Src/stm32f1xx_hal_i2c.o
                0x00000000080025d4                HAL_I2C_Init
 .text.I2C_Flush_DR
                0x000000000800285c       0x28 ./Drivers/STM32F1xx_HAL_Driver/Src/stm32f1xx_hal_i2c.o
 .text.HAL_I2C_Master_Transmit
                0x0000000008002884      0x1fc ./Drivers/STM32F1xx_HAL_Driver/Src/stm32f1xx_hal_i2c.o
                0x0000000008002884                HAL_I2C_Master_Transmit
 .text.HAL_I2C_EV_IRQHandler
                0x0000000008002a80      0x2e2 ./Drivers/STM32F1xx_HAL_Driver/Src/stm32f1xx_hal_i2c.o
                0x0000000008002a80                HAL_I2C_EV_IRQHandler
 .text.HAL_I2C_ER_IRQHandler
                0x0000000008002d62      0x15e ./Drivers/STM32F1xx_HAL_Driver/Src/stm32f1xx_hal_i2c.o
                0x0000000008002d62                HAL_I2C_ER_IRQHandler
 .text.HAL_I2C_MasterTxCpltCallback
                0x0000000008002ec0       0x12 ./Drivers/STM32F1xx_HAL_Driver/Src/stm32f1xx_hal_i2c.o
                0x0000000008002ec0                HAL_I2C_MasterTxCpltCallback
 .text.HAL_I2C_MasterRxCpltCallback
                0x0000000008002ed2       0x12 ./Drivers/STM32F1xx_HAL_Driver/Src/stm32f1xx_hal_i2c.o
                0x0000000008002ed2                HAL_I2C_MasterRxCpltCallback
 .text.HAL_I2C_SlaveTxCpltCallback
                0x0000000008002ee4       0x12 ./Drivers/STM32F1xx_HAL_Driver/Src/stm32f1xx_hal_i2c.o
                0x0000000008002ee4                HAL_I2C_SlaveTxCpltCallback
 .text.HAL_I2C_SlaveRxCpltCallback
                0x0000000008002ef6       0x12 ./Drivers/STM32F1xx_HAL_Driver/Src/stm32f1xx_hal_i2c.o
                0x0000000008002ef6                HAL_I2C_SlaveRxCpltCallback
 .text.HAL_I2C_AddrCallback
                0x0000000008002f08       0x1a ./Drivers/STM32F1xx_HAL_Driver/Src/stm32f1xx_hal_i2c.o
                0x0000000008002f08                HAL_I2C_AddrCallback
 .text.HAL_I2C_ListenCpltCallback
                0x0000000008002f22       0x12 ./Drivers/STM32F1xx_HAL_Driver/Src/stm32f1xx_hal_i2c.o
                0x0000000008002f22                HAL_I2C_ListenCpltCallback
 .text.HAL_I2C_MemTxCpltCallback
                0x0000000008002f34       0x12 ./Drivers/STM32F1xx_HAL_Driver/Src/stm32f1xx_hal_i2c.o
                0x0000000008002f34                HAL_I2C_MemTxCpltCallback
 .text.HAL_I2C_MemRxCpltCallback
                0x0000000008002f46       0x12 ./Drivers/STM32F1xx_HAL_Driver/Src/stm32f1xx_hal_i2c.o
                0x0000000008002f46                HAL_I2C_MemRxCpltCallback
 .text.HAL_I2C_ErrorCallback
                0x0000000008002f58       0x12 ./Drivers/STM32F1xx_HAL_Driver/Src/stm32f1xx_hal_i2c.o
                0x0000000008002f58                HAL_I2C_ErrorCallback
 .text.HAL_I2C_AbortCpltCallback
                0x0000000008002f6a       0x12 ./Drivers/STM32F1xx_HAL_Driver/Src/stm32f1xx_hal_i2c.o
                0x0000000008002f6a                HAL_I2C_AbortCpltCallback
 .text.I2C_MasterTransmit_TXE
                0x0000000008002f7c      0x138 ./Drivers/STM32F1xx_HAL_Driver/Src/stm32f1xx_hal_i2c.o
 .text.I2C_MasterTransmit_BTF
                0x00000000080030b4       0xec ./Drivers/STM32F1xx_HAL_Driver/Src/stm32f1xx_hal_i2c.o
 .text.I2C_MemoryTransmit_TXE_BTF
                0x00000000080031a0      0x130 ./Drivers/STM32F1xx_HAL_Driver/Src/stm32f1xx_hal_i2c.o
 .text.I2C_MasterReceive_RXNE
                0x00000000080032d0      0x190 ./Drivers/STM32F1xx_HAL_Driver/Src/stm32f1xx_hal_i2c.o
 .text.I2C_MasterReceive_BTF
                0x0000000008003460      0x1e2 ./Drivers/STM32F1xx_HAL_Driver/Src/stm32f1xx_hal_i2c.o
 .text.I2C_Master_SB
                0x0000000008003642      0x10a ./Drivers/STM32F1xx_HAL_Driver/Src/stm32f1xx_hal_i2c.o
 .text.I2C_Master_ADD10
                0x000000000800374c       0x52 ./Drivers/STM32F1xx_HAL_Driver/Src/stm32f1xx_hal_i2c.o
 .text.I2C_Master_ADDR
                0x000000000800379e      0x336 ./Drivers/STM32F1xx_HAL_Driver/Src/stm32f1xx_hal_i2c.o
 .text.I2C_SlaveTransmit_TXE
                0x0000000008003ad4       0x7a ./Drivers/STM32F1xx_HAL_Driver/Src/stm32f1xx_hal_i2c.o
 .text.I2C_SlaveTransmit_BTF
                0x0000000008003b4e       0x40 ./Drivers/STM32F1xx_HAL_Driver/Src/stm32f1xx_hal_i2c.o
 .text.I2C_SlaveReceive_RXNE
                0x0000000008003b8e       0x7c ./Drivers/STM32F1xx_HAL_Driver/Src/stm32f1xx_hal_i2c.o
 .text.I2C_SlaveReceive_BTF
                0x0000000008003c0a       0x42 ./Drivers/STM32F1xx_HAL_Driver/Src/stm32f1xx_hal_i2c.o
 .text.I2C_Slave_ADDR
                0x0000000008003c4c       0x94 ./Drivers/STM32F1xx_HAL_Driver/Src/stm32f1xx_hal_i2c.o
 .text.I2C_Slave_STOPF
                0x0000000008003ce0      0x260 ./Drivers/STM32F1xx_HAL_Driver/Src/stm32f1xx_hal_i2c.o
 .text.I2C_Slave_AF
                0x0000000008003f40       0xe8 ./Drivers/STM32F1xx_HAL_Driver/Src/stm32f1xx_hal_i2c.o
 .text.I2C_ITError
                0x0000000008004028      0x264 ./Drivers/STM32F1xx_HAL_Driver/Src/stm32f1xx_hal_i2c.o
 .text.I2C_MasterRequestWrite
                0x000000000800428c      0x104 ./Drivers/STM32F1xx_HAL_Driver/Src/stm32f1xx_hal_i2c.o
 .text.I2C_DMAAbort
                0x0000000008004390      0x150 ./Drivers/STM32F1xx_HAL_Driver/Src/stm32f1xx_hal_i2c.o
 .text.I2C_WaitOnFlagUntilTimeout
                0x00000000080044e0       0xf4 ./Drivers/STM32F1xx_HAL_Driver/Src/stm32f1xx_hal_i2c.o
 .text.I2C_WaitOnMasterAddressFlagUntilTimeout
                0x00000000080045d4      0x140 ./Drivers/STM32F1xx_HAL_Driver/Src/stm32f1xx_hal_i2c.o
 .text.I2C_WaitOnTXEFlagUntilTimeout
                0x0000000008004714       0x90 ./Drivers/STM32F1xx_HAL_Driver/Src/stm32f1xx_hal_i2c.o
 .text.I2C_WaitOnBTFFlagUntilTimeout
                0x00000000080047a4       0x90 ./Drivers/STM32F1xx_HAL_Driver/Src/stm32f1xx_hal_i2c.o
 .text.I2C_WaitOnSTOPRequestThroughIT
                0x0000000008004834       0x64 ./Drivers/STM32F1xx_HAL_Driver/Src/stm32f1xx_hal_i2c.o
 .text.I2C_IsAcknowledgeFailed
                0x0000000008004898       0x5c ./Drivers/STM32F1xx_HAL_Driver/Src/stm32f1xx_hal_i2c.o
 .text.I2C_ConvertOtherXferOptions
                0x00000000080048f4       0x34 ./Drivers/STM32F1xx_HAL_Driver/Src/stm32f1xx_hal_i2c.o
 .text.HAL_RCC_OscConfig
                0x0000000008004928      0x500 ./Drivers/STM32F1xx_HAL_Driver/Src/stm32f1xx_hal_rcc.o
                0x0000000008004928                HAL_RCC_OscConfig
 .text.HAL_RCC_ClockConfig
                0x0000000008004e28      0x1d4 ./Drivers/STM32F1xx_HAL_Driver/Src/stm32f1xx_hal_rcc.o
                0x0000000008004e28                HAL_RCC_ClockConfig
 .text.HAL_RCC_GetSysClockFreq
                0x0000000008004ffc       0xa8 ./Drivers/STM32F1xx_HAL_Driver/Src/stm32f1xx_hal_rcc.o
                0x0000000008004ffc                HAL_RCC_GetSysClockFreq
 .text.HAL_RCC_GetHCLKFreq
                0x00000000080050a4       0x14 ./Drivers/STM32F1xx_HAL_Driver/Src/stm32f1xx_hal_rcc.o
                0x00000000080050a4                HAL_RCC_GetHCLKFreq
 .text.HAL_RCC_GetPCLK1Freq
                0x00000000080050b8       0x28 ./Drivers/STM32F1xx_HAL_Driver/Src/stm32f1xx_hal_rcc.o
                0x00000000080050b8                HAL_RCC_GetPCLK1Freq
 .text.HAL_RCC_GetPCLK2Freq
                0x00000000080050e0       0x28 ./Drivers/STM32F1xx_HAL_Driver/Src/stm32f1xx_hal_rcc.o
                0x00000000080050e0                HAL_RCC_GetPCLK2Freq
 .text.RCC_Delay
                0x0000000008005108       0x3c ./Drivers/STM32F1xx_HAL_Driver/Src/stm32f1xx_hal_rcc.o
 .text.HAL_TIM_Base_Init
                0x0000000008005144       0x9e ./Drivers/STM32F1xx_HAL_Driver/Src/stm32f1xx_hal_tim.o
                0x0000000008005144                HAL_TIM_Base_Init
 *fill*         0x00000000080051e2        0x2 
 .text.HAL_TIM_Base_Start_IT
                0x00000000080051e4       0xa4 ./Drivers/STM32F1xx_HAL_Driver/Src/stm32f1xx_hal_tim.o
                0x00000000080051e4                HAL_TIM_Base_Start_IT
 .text.HAL_TIM_IRQHandler
                0x0000000008005288      0x1e0 ./Drivers/STM32F1xx_HAL_Driver/Src/stm32f1xx_hal_tim.o
                0x0000000008005288                HAL_TIM_IRQHandler
 .text.HAL_TIM_ConfigClockSource
                0x0000000008005468      0x18e ./Drivers/STM32F1xx_HAL_Driver/Src/stm32f1xx_hal_tim.o
                0x0000000008005468                HAL_TIM_ConfigClockSource
 .text.HAL_TIM_OC_DelayElapsedCallback
                0x00000000080055f6       0x12 ./Drivers/STM32F1xx_HAL_Driver/Src/stm32f1xx_hal_tim.o
                0x00000000080055f6                HAL_TIM_OC_DelayElapsedCallback
 .text.HAL_TIM_IC_CaptureCallback
                0x0000000008005608       0x12 ./Drivers/STM32F1xx_HAL_Driver/Src/stm32f1xx_hal_tim.o
                0x0000000008005608                HAL_TIM_IC_CaptureCallback
 .text.HAL_TIM_PWM_PulseFinishedCallback
                0x000000000800561a       0x12 ./Drivers/STM32F1xx_HAL_Driver/Src/stm32f1xx_hal_tim.o
                0x000000000800561a                HAL_TIM_PWM_PulseFinishedCallback
 .text.HAL_TIM_TriggerCallback
                0x000000000800562c       0x12 ./Drivers/STM32F1xx_HAL_Driver/Src/stm32f1xx_hal_tim.o
                0x000000000800562c                HAL_TIM_TriggerCallback
 *fill*         0x000000000800563e        0x2 
 .text.TIM_Base_SetConfig
                0x0000000008005640       0xdc ./Drivers/STM32F1xx_HAL_Driver/Src/stm32f1xx_hal_tim.o
                0x0000000008005640                TIM_Base_SetConfig
 .text.TIM_TI1_ConfigInputStage
                0x000000000800571c       0x5c ./Drivers/STM32F1xx_HAL_Driver/Src/stm32f1xx_hal_tim.o
 .text.TIM_TI2_ConfigInputStage
                0x0000000008005778       0x5e ./Drivers/STM32F1xx_HAL_Driver/Src/stm32f1xx_hal_tim.o
 .text.TIM_ITRx_SetConfig
                0x00000000080057d6       0x34 ./Drivers/STM32F1xx_HAL_Driver/Src/stm32f1xx_hal_tim.o
 .text.TIM_ETR_SetConfig
                0x000000000800580a       0x3e ./Drivers/STM32F1xx_HAL_Driver/Src/stm32f1xx_hal_tim.o
                0x000000000800580a                TIM_ETR_SetConfig
 .text.HAL_TIMEx_MasterConfigSynchronization
                0x0000000008005848       0xbc ./Drivers/STM32F1xx_HAL_Driver/Src/stm32f1xx_hal_tim_ex.o
                0x0000000008005848                HAL_TIMEx_MasterConfigSynchronization
 .text.HAL_TIMEx_CommutCallback
                0x0000000008005904       0x12 ./Drivers/STM32F1xx_HAL_Driver/Src/stm32f1xx_hal_tim_ex.o
                0x0000000008005904                HAL_TIMEx_CommutCallback
 .text.HAL_TIMEx_BreakCallback
                0x0000000008005916       0x12 ./Drivers/STM32F1xx_HAL_Driver/Src/stm32f1xx_hal_tim_ex.o
                0x0000000008005916                HAL_TIMEx_BreakCallback
 .text.HAL_UART_Init
                0x0000000008005928       0xa0 ./Drivers/STM32F1xx_HAL_Driver/Src/stm32f1xx_hal_uart.o
                0x0000000008005928                HAL_UART_Init
 .text.UART_SetConfig
                0x00000000080059c8      0x11c ./Drivers/STM32F1xx_HAL_Driver/Src/stm32f1xx_hal_uart.o
 .text.__errno  0x0000000008005ae4        0xc e:/stm32_cubeide/stm32cubeide_1.7.0/stm32cubeide/plugins/com.st.stm32cube.ide.mcu.externaltools.gnu-tools-for-stm32.9-2020-q2-update.win32_2.0.0.202105311346/tools/bin/../lib/gcc/arm-none-eabi/9.3.1/../../../../arm-none-eabi/lib/thumb/v7-m/nofp\libc_nano.a(lib_a-errno.o)
                0x0000000008005ae4                __errno
 .text.__libc_init_array
                0x0000000008005af0       0x48 e:/stm32_cubeide/stm32cubeide_1.7.0/stm32cubeide/plugins/com.st.stm32cube.ide.mcu.externaltools.gnu-tools-for-stm32.9-2020-q2-update.win32_2.0.0.202105311346/tools/bin/../lib/gcc/arm-none-eabi/9.3.1/../../../../arm-none-eabi/lib/thumb/v7-m/nofp\libc_nano.a(lib_a-init.o)
                0x0000000008005af0                __libc_init_array
 .text.memset   0x0000000008005b38       0x10 e:/stm32_cubeide/stm32cubeide_1.7.0/stm32cubeide/plugins/com.st.stm32cube.ide.mcu.externaltools.gnu-tools-for-stm32.9-2020-q2-update.win32_2.0.0.202105311346/tools/bin/../lib/gcc/arm-none-eabi/9.3.1/../../../../arm-none-eabi/lib/thumb/v7-m/nofp\libc_nano.a(lib_a-memset.o)
                0x0000000008005b38                memset
 .text.snprintf
                0x0000000008005b48       0x68 e:/stm32_cubeide/stm32cubeide_1.7.0/stm32cubeide/plugins/com.st.stm32cube.ide.mcu.externaltools.gnu-tools-for-stm32.9-2020-q2-update.win32_2.0.0.202105311346/tools/bin/../lib/gcc/arm-none-eabi/9.3.1/../../../../arm-none-eabi/lib/thumb/v7-m/nofp\libc_nano.a(lib_a-snprintf.o)
                0x0000000008005b48                sniprintf
                0x0000000008005b48                snprintf
 .text.__ssputs_r
                0x0000000008005bb0       0xb6 e:/stm32_cubeide/stm32cubeide_1.7.0/stm32cubeide/plugins/com.st.stm32cube.ide.mcu.externaltools.gnu-tools-for-stm32.9-2020-q2-update.win32_2.0.0.202105311346/tools/bin/../lib/gcc/arm-none-eabi/9.3.1/../../../../arm-none-eabi/lib/thumb/v7-m/nofp\libc_nano.a(lib_a-nano-svfprintf.o)
                0x0000000008005bb0                __ssputs_r
 *fill*         0x0000000008005c66        0x2 
 .text._svfprintf_r
                0x0000000008005c68      0x200 e:/stm32_cubeide/stm32cubeide_1.7.0/stm32cubeide/plugins/com.st.stm32cube.ide.mcu.externaltools.gnu-tools-for-stm32.9-2020-q2-update.win32_2.0.0.202105311346/tools/bin/../lib/gcc/arm-none-eabi/9.3.1/../../../../arm-none-eabi/lib/thumb/v7-m/nofp\libc_nano.a(lib_a-nano-svfprintf.o)
                0x0000000008005c68                _svfiprintf_r
                0x0000000008005c68                _svfprintf_r
 .text._printf_common
                0x0000000008005e68       0xde e:/stm32_cubeide/stm32cubeide_1.7.0/stm32cubeide/plugins/com.st.stm32cube.ide.mcu.externaltools.gnu-tools-for-stm32.9-2020-q2-update.win32_2.0.0.202105311346/tools/bin/../lib/gcc/arm-none-eabi/9.3.1/../../../../arm-none-eabi/lib/thumb/v7-m/nofp\libc_nano.a(lib_a-nano-vfprintf_i.o)
                0x0000000008005e68                _printf_common
 *fill*         0x0000000008005f46        0x2 
 .text._printf_i
                0x0000000008005f48      0x24c e:/stm32_cubeide/stm32cubeide_1.7.0/stm32cubeide/plugins/com.st.stm32cube.ide.mcu.externaltools.gnu-tools-for-stm32.9-2020-q2-update.win32_2.0.0.202105311346/tools/bin/../lib/gcc/arm-none-eabi/9.3.1/../../../../arm-none-eabi/lib/thumb/v7-m/nofp\libc_nano.a(lib_a-nano-vfprintf_i.o)
                0x0000000008005f48                _printf_i
 .text.memchr   0x0000000008006194       0x1c e:/stm32_cubeide/stm32cubeide_1.7.0/stm32cubeide/plugins/com.st.stm32cube.ide.mcu.externaltools.gnu-tools-for-stm32.9-2020-q2-update.win32_2.0.0.202105311346/tools/bin/../lib/gcc/arm-none-eabi/9.3.1/../../../../arm-none-eabi/lib/thumb/v7-m/nofp\libc_nano.a(lib_a-memchr-stub.o)
                0x0000000008006194                memchr
 .text.memcpy   0x00000000080061b0       0x1c e:/stm32_cubeide/stm32cubeide_1.7.0/stm32cubeide/plugins/com.st.stm32cube.ide.mcu.externaltools.gnu-tools-for-stm32.9-2020-q2-update.win32_2.0.0.202105311346/tools/bin/../lib/gcc/arm-none-eabi/9.3.1/../../../../arm-none-eabi/lib/thumb/v7-m/nofp\libc_nano.a(lib_a-memcpy-stub.o)
                0x00000000080061b0                memcpy
 .text.memmove  0x00000000080061cc       0x34 e:/stm32_cubeide/stm32cubeide_1.7.0/stm32cubeide/plugins/com.st.stm32cube.ide.mcu.externaltools.gnu-tools-for-stm32.9-2020-q2-update.win32_2.0.0.202105311346/tools/bin/../lib/gcc/arm-none-eabi/9.3.1/../../../../arm-none-eabi/lib/thumb/v7-m/nofp\libc_nano.a(lib_a-memmove.o)
                0x00000000080061cc                memmove
 .text._free_r  0x0000000008006200       0x98 e:/stm32_cubeide/stm32cubeide_1.7.0/stm32cubeide/plugins/com.st.stm32cube.ide.mcu.externaltools.gnu-tools-for-stm32.9-2020-q2-update.win32_2.0.0.202105311346/tools/bin/../lib/gcc/arm-none-eabi/9.3.1/../../../../arm-none-eabi/lib/thumb/v7-m/nofp\libc_nano.a(lib_a-nano-freer.o)
                0x0000000008006200                _free_r
 .text._malloc_r
                0x0000000008006298       0xb4 e:/stm32_cubeide/stm32cubeide_1.7.0/stm32cubeide/plugins/com.st.stm32cube.ide.mcu.externaltools.gnu-tools-for-stm32.9-2020-q2-update.win32_2.0.0.202105311346/tools/bin/../lib/gcc/arm-none-eabi/9.3.1/../../../../arm-none-eabi/lib/thumb/v7-m/nofp\libc_nano.a(lib_a-nano-mallocr.o)
                0x0000000008006298                _malloc_r
 .text._realloc_r
                0x000000000800634c       0x4c e:/stm32_cubeide/stm32cubeide_1.7.0/stm32cubeide/plugins/com.st.stm32cube.ide.mcu.externaltools.gnu-tools-for-stm32.9-2020-q2-update.win32_2.0.0.202105311346/tools/bin/../lib/gcc/arm-none-eabi/9.3.1/../../../../arm-none-eabi/lib/thumb/v7-m/nofp\libc_nano.a(lib_a-nano-reallocr.o)
                0x000000000800634c                _realloc_r
 .text._sbrk_r  0x0000000008006398       0x20 e:/stm32_cubeide/stm32cubeide_1.7.0/stm32cubeide/plugins/com.st.stm32cube.ide.mcu.externaltools.gnu-tools-for-stm32.9-2020-q2-update.win32_2.0.0.202105311346/tools/bin/../lib/gcc/arm-none-eabi/9.3.1/../../../../arm-none-eabi/lib/thumb/v7-m/nofp\libc_nano.a(lib_a-sbrkr.o)
                0x0000000008006398                _sbrk_r
 .text.__malloc_lock
                0x00000000080063b8        0xc e:/stm32_cubeide/stm32cubeide_1.7.0/stm32cubeide/plugins/com.st.stm32cube.ide.mcu.externaltools.gnu-tools-for-stm32.9-2020-q2-update.win32_2.0.0.202105311346/tools/bin/../lib/gcc/arm-none-eabi/9.3.1/../../../../arm-none-eabi/lib/thumb/v7-m/nofp\libc_nano.a(lib_a-mlock.o)
                0x00000000080063b8                __malloc_lock
 .text.__malloc_unlock
                0x00000000080063c4        0xc e:/stm32_cubeide/stm32cubeide_1.7.0/stm32cubeide/plugins/com.st.stm32cube.ide.mcu.externaltools.gnu-tools-for-stm32.9-2020-q2-update.win32_2.0.0.202105311346/tools/bin/../lib/gcc/arm-none-eabi/9.3.1/../../../../arm-none-eabi/lib/thumb/v7-m/nofp\libc_nano.a(lib_a-mlock.o)
                0x00000000080063c4                __malloc_unlock
 .text._malloc_usable_size_r
                0x00000000080063d0       0x10 e:/stm32_cubeide/stm32cubeide_1.7.0/stm32cubeide/plugins/com.st.stm32cube.ide.mcu.externaltools.gnu-tools-for-stm32.9-2020-q2-update.win32_2.0.0.202105311346/tools/bin/../lib/gcc/arm-none-eabi/9.3.1/../../../../arm-none-eabi/lib/thumb/v7-m/nofp\libc_nano.a(lib_a-nano-msizer.o)
                0x00000000080063d0                _malloc_usable_size_r
 .text.__retarget_lock_acquire_recursive
                0x00000000080063e0        0x2 e:/stm32_cubeide/stm32cubeide_1.7.0/stm32cubeide/plugins/com.st.stm32cube.ide.mcu.externaltools.gnu-tools-for-stm32.9-2020-q2-update.win32_2.0.0.202105311346/tools/bin/../lib/gcc/arm-none-eabi/9.3.1/../../../../arm-none-eabi/lib/thumb/v7-m/nofp\libc_nano.a(lib_a-lock.o)
                0x00000000080063e0                __retarget_lock_acquire_recursive
 .text.__retarget_lock_release_recursive
                0x00000000080063e2        0x2 e:/stm32_cubeide/stm32cubeide_1.7.0/stm32cubeide/plugins/com.st.stm32cube.ide.mcu.externaltools.gnu-tools-for-stm32.9-2020-q2-update.win32_2.0.0.202105311346/tools/bin/../lib/gcc/arm-none-eabi/9.3.1/../../../../arm-none-eabi/lib/thumb/v7-m/nofp\libc_nano.a(lib_a-lock.o)
                0x00000000080063e2                __retarget_lock_release_recursive
 *(.glue_7)
 .glue_7        0x00000000080063e4        0x0 linker stubs
 *(.glue_7t)
 .glue_7t       0x00000000080063e4        0x0 linker stubs
 *(.eh_frame)
 .eh_frame      0x00000000080063e4        0x0 e:/stm32_cubeide/stm32cubeide_1.7.0/stm32cubeide/plugins/com.st.stm32cube.ide.mcu.externaltools.gnu-tools-for-stm32.9-2020-q2-update.win32_2.0.0.202105311346/tools/bin/../lib/gcc/arm-none-eabi/9.3.1/thumb/v7-m/nofp/crtbegin.o
 *(.init)
 .init          0x00000000080063e4        0x4 e:/stm32_cubeide/stm32cubeide_1.7.0/stm32cubeide/plugins/com.st.stm32cube.ide.mcu.externaltools.gnu-tools-for-stm32.9-2020-q2-update.win32_2.0.0.202105311346/tools/bin/../lib/gcc/arm-none-eabi/9.3.1/thumb/v7-m/nofp/crti.o
                0x00000000080063e4                _init
 .init          0x00000000080063e8        0x8 e:/stm32_cubeide/stm32cubeide_1.7.0/stm32cubeide/plugins/com.st.stm32cube.ide.mcu.externaltools.gnu-tools-for-stm32.9-2020-q2-update.win32_2.0.0.202105311346/tools/bin/../lib/gcc/arm-none-eabi/9.3.1/thumb/v7-m/nofp/crtn.o
 *(.fini)
 .fini          0x00000000080063f0        0x4 e:/stm32_cubeide/stm32cubeide_1.7.0/stm32cubeide/plugins/com.st.stm32cube.ide.mcu.externaltools.gnu-tools-for-stm32.9-2020-q2-update.win32_2.0.0.202105311346/tools/bin/../lib/gcc/arm-none-eabi/9.3.1/thumb/v7-m/nofp/crti.o
                0x00000000080063f0                _fini
 .fini          0x00000000080063f4        0x8 e:/stm32_cubeide/stm32cubeide_1.7.0/stm32cubeide/plugins/com.st.stm32cube.ide.mcu.externaltools.gnu-tools-for-stm32.9-2020-q2-update.win32_2.0.0.202105311346/tools/bin/../lib/gcc/arm-none-eabi/9.3.1/thumb/v7-m/nofp/crtn.o
                0x00000000080063fc                . = ALIGN (0x4)
                0x00000000080063fc                _etext = .

.vfp11_veneer   0x00000000080063fc        0x0
 .vfp11_veneer  0x00000000080063fc        0x0 linker stubs

.v4_bx          0x00000000080063fc        0x0
 .v4_bx         0x00000000080063fc        0x0 linker stubs

.iplt           0x00000000080063fc        0x0
 .iplt          0x00000000080063fc        0x0 e:/stm32_cubeide/stm32cubeide_1.7.0/stm32cubeide/plugins/com.st.stm32cube.ide.mcu.externaltools.gnu-tools-for-stm32.9-2020-q2-update.win32_2.0.0.202105311346/tools/bin/../lib/gcc/arm-none-eabi/9.3.1/thumb/v7-m/nofp/crtbegin.o

.rodata         0x00000000080063fc       0xb8
                0x00000000080063fc                . = ALIGN (0x4)
 *(.rodata)
 .rodata        0x00000000080063fc       0x25 ./Core/Src/fsm_automatic.o
 *fill*         0x0000000008006421        0x3 
 .rodata        0x0000000008006424       0x2a ./Core/Src/fsm_manual.o
 *fill*         0x000000000800644e        0x2 
 .rodata        0x0000000008006450        0x3 ./Core/Src/lcd.o
 *(.rodata*)
 *fill*         0x0000000008006453        0x1 
 .rodata.AHBPrescTable
                0x0000000008006454       0x10 ./Core/Src/system_stm32f1xx.o
                0x0000000008006454                AHBPrescTable
 .rodata.APBPrescTable
                0x0000000008006464        0x8 ./Core/Src/system_stm32f1xx.o
                0x0000000008006464                APBPrescTable
 .rodata.aPLLMULFactorTable.6442
                0x000000000800646c       0x10 ./Drivers/STM32F1xx_HAL_Driver/Src/stm32f1xx_hal_rcc.o
 .rodata.aPredivFactorTable.6443
                0x000000000800647c        0x2 ./Drivers/STM32F1xx_HAL_Driver/Src/stm32f1xx_hal_rcc.o
 .rodata._svfprintf_r.str1.1
                0x000000000800647e       0x11 e:/stm32_cubeide/stm32cubeide_1.7.0/stm32cubeide/plugins/com.st.stm32cube.ide.mcu.externaltools.gnu-tools-for-stm32.9-2020-q2-update.win32_2.0.0.202105311346/tools/bin/../lib/gcc/arm-none-eabi/9.3.1/../../../../arm-none-eabi/lib/thumb/v7-m/nofp\libc_nano.a(lib_a-nano-svfprintf.o)
 .rodata._printf_i.str1.1
                0x000000000800648f       0x22 e:/stm32_cubeide/stm32cubeide_1.7.0/stm32cubeide/plugins/com.st.stm32cube.ide.mcu.externaltools.gnu-tools-for-stm32.9-2020-q2-update.win32_2.0.0.202105311346/tools/bin/../lib/gcc/arm-none-eabi/9.3.1/../../../../arm-none-eabi/lib/thumb/v7-m/nofp\libc_nano.a(lib_a-nano-vfprintf_i.o)
                0x00000000080064b4                . = ALIGN (0x4)
 *fill*         0x00000000080064b1        0x3 

.rel.dyn        0x00000000080064b4        0x0
 .rel.iplt      0x00000000080064b4        0x0 e:/stm32_cubeide/stm32cubeide_1.7.0/stm32cubeide/plugins/com.st.stm32cube.ide.mcu.externaltools.gnu-tools-for-stm32.9-2020-q2-update.win32_2.0.0.202105311346/tools/bin/../lib/gcc/arm-none-eabi/9.3.1/thumb/v7-m/nofp/crtbegin.o

.ARM.extab      0x00000000080064b4        0x0
                0x00000000080064b4                . = ALIGN (0x4)
 *(.ARM.extab* .gnu.linkonce.armextab.*)
                0x00000000080064b4                . = ALIGN (0x4)

.ARM            0x00000000080064b4        0x0
                0x00000000080064b4                . = ALIGN (0x4)
                0x00000000080064b4                __exidx_start = .
 *(.ARM.exidx*)
                0x00000000080064b4                __exidx_end = .
                0x00000000080064b4                . = ALIGN (0x4)

.preinit_array  0x00000000080064b4        0x0
                0x00000000080064b4                . = ALIGN (0x4)
                0x00000000080064b4                PROVIDE (__preinit_array_start = .)
 *(.preinit_array*)
                0x00000000080064b4                PROVIDE (__preinit_array_end = .)
                0x00000000080064b4                . = ALIGN (0x4)

.init_array     0x00000000080064b4        0x4
                0x00000000080064b4                . = ALIGN (0x4)
                0x00000000080064b4                PROVIDE (__init_array_start = .)
 *(SORT_BY_NAME(.init_array.*))
 *(.init_array*)
 .init_array    0x00000000080064b4        0x4 e:/stm32_cubeide/stm32cubeide_1.7.0/stm32cubeide/plugins/com.st.stm32cube.ide.mcu.externaltools.gnu-tools-for-stm32.9-2020-q2-update.win32_2.0.0.202105311346/tools/bin/../lib/gcc/arm-none-eabi/9.3.1/thumb/v7-m/nofp/crtbegin.o
                0x00000000080064b8                PROVIDE (__init_array_end = .)
                0x00000000080064b8                . = ALIGN (0x4)

.fini_array     0x00000000080064b8        0x4
                0x00000000080064b8                . = ALIGN (0x4)
                [!provide]                        PROVIDE (__fini_array_start = .)
 *(SORT_BY_NAME(.fini_array.*))
 *(.fini_array*)
 .fini_array    0x00000000080064b8        0x4 e:/stm32_cubeide/stm32cubeide_1.7.0/stm32cubeide/plugins/com.st.stm32cube.ide.mcu.externaltools.gnu-tools-for-stm32.9-2020-q2-update.win32_2.0.0.202105311346/tools/bin/../lib/gcc/arm-none-eabi/9.3.1/thumb/v7-m/nofp/crtbegin.o
                [!provide]                        PROVIDE (__fini_array_end = .)
                0x00000000080064bc                . = ALIGN (0x4)
                0x00000000080064bc                _sidata = LOADADDR (.data)

.data           0x0000000020000000       0xd4 load address 0x00000000080064bc
                0x0000000020000000                . = ALIGN (0x4)
                0x0000000020000000                _sdata = .
 *(.data)
 *(.data*)
 .data.buttonList
                0x0000000020000000       0x10 ./Core/Src/button.o
                0x0000000020000000                buttonList
 .data.KeyReg0  0x0000000020000010       0x10 ./Core/Src/button.o
                0x0000000020000010                KeyReg0
 .data.KeyReg1  0x0000000020000020       0x10 ./Core/Src/button.o
                0x0000000020000020                KeyReg1
 .data.KeyReg2  0x0000000020000030       0x10 ./Core/Src/button.o
                0x0000000020000030                KeyReg2
 .data.KeyReg3  0x0000000020000040       0x10 ./Core/Src/button.o
                0x0000000020000040                KeyReg3
 .data.TimeOutForKeyPress
                0x0000000020000050        0x4 ./Core/Src/button.o
                0x0000000020000050                TimeOutForKeyPress
 .data.TIME_GREEN
                0x0000000020000054        0x4 ./Core/Src/global.o
                0x0000000020000054                TIME_GREEN
 .data.TIME_YELLOW
                0x0000000020000058        0x4 ./Core/Src/global.o
                0x0000000020000058                TIME_YELLOW
 .data.TIME_RED
                0x000000002000005c        0x4 ./Core/Src/global.o
                0x000000002000005c                TIME_RED
 .data.SystemCoreClock
                0x0000000020000060        0x4 ./Core/Src/system_stm32f1xx.o
                0x0000000020000060                SystemCoreClock
 .data.redState2
                0x0000000020000064        0x1 ./Core/Src/traffic_light.o
                0x0000000020000064                redState2
 .data.yellowState2
                0x0000000020000065        0x1 ./Core/Src/traffic_light.o
                0x0000000020000065                yellowState2
 .data.greenState2
                0x0000000020000066        0x1 ./Core/Src/traffic_light.o
                0x0000000020000066                greenState2
 *fill*         0x0000000020000067        0x1 
 .data.uwTickPrio
                0x0000000020000068        0x4 ./Drivers/STM32F1xx_HAL_Driver/Src/stm32f1xx_hal.o
                0x0000000020000068                uwTickPrio
 .data.uwTickFreq
                0x000000002000006c        0x1 ./Drivers/STM32F1xx_HAL_Driver/Src/stm32f1xx_hal.o
                0x000000002000006c                uwTickFreq
 *fill*         0x000000002000006d        0x3 
 .data._impure_ptr
                0x0000000020000070        0x4 e:/stm32_cubeide/stm32cubeide_1.7.0/stm32cubeide/plugins/com.st.stm32cube.ide.mcu.externaltools.gnu-tools-for-stm32.9-2020-q2-update.win32_2.0.0.202105311346/tools/bin/../lib/gcc/arm-none-eabi/9.3.1/../../../../arm-none-eabi/lib/thumb/v7-m/nofp\libc_nano.a(lib_a-impure.o)
                0x0000000020000070                _impure_ptr
 .data.impure_data
                0x0000000020000074       0x60 e:/stm32_cubeide/stm32cubeide_1.7.0/stm32cubeide/plugins/com.st.stm32cube.ide.mcu.externaltools.gnu-tools-for-stm32.9-2020-q2-update.win32_2.0.0.202105311346/tools/bin/../lib/gcc/arm-none-eabi/9.3.1/../../../../arm-none-eabi/lib/thumb/v7-m/nofp\libc_nano.a(lib_a-impure.o)
 *(.RamFunc)
 *(.RamFunc*)
                0x00000000200000d4                . = ALIGN (0x4)
                0x00000000200000d4                _edata = .

.igot.plt       0x00000000200000d4        0x0 load address 0x0000000008006590
 .igot.plt      0x00000000200000d4        0x0 e:/stm32_cubeide/stm32cubeide_1.7.0/stm32cubeide/plugins/com.st.stm32cube.ide.mcu.externaltools.gnu-tools-for-stm32.9-2020-q2-update.win32_2.0.0.202105311346/tools/bin/../lib/gcc/arm-none-eabi/9.3.1/thumb/v7-m/nofp/crtbegin.o
                0x00000000200000d4                . = ALIGN (0x4)

.bss            0x00000000200000d4      0x41c load address 0x0000000008006590
                0x00000000200000d4                _sbss = .
                0x00000000200000d4                __bss_start__ = _sbss
 *(.bss)
 .bss           0x00000000200000d4       0x1c e:/stm32_cubeide/stm32cubeide_1.7.0/stm32cubeide/plugins/com.st.stm32cube.ide.mcu.externaltools.gnu-tools-for-stm32.9-2020-q2-update.win32_2.0.0.202105311346/tools/bin/../lib/gcc/arm-none-eabi/9.3.1/thumb/v7-m/nofp/crtbegin.o
 *(.bss*)
 .bss.button_flag
                0x00000000200000f0       0x10 ./Core/Src/button.o
                0x00000000200000f0                button_flag
 .bss.led_buffer
                0x0000000020000100        0x8 ./Core/Src/fsm_automatic.o
                0x0000000020000100                led_buffer
 .bss.init_flag
                0x0000000020000108        0x4 ./Core/Src/fsm_automatic.o
                0x0000000020000108                init_flag
 .bss.mode      0x000000002000010c        0x4 ./Core/Src/global.o
                0x000000002000010c                mode
 .bss.statusAUTO1
                0x0000000020000110        0x4 ./Core/Src/global.o
                0x0000000020000110                statusAUTO1
 .bss.statusAUTO2
                0x0000000020000114        0x4 ./Core/Src/global.o
                0x0000000020000114                statusAUTO2
 .bss.statusAUTO3
                0x0000000020000118        0x4 ./Core/Src/global.o
                0x0000000020000118                statusAUTO3
 .bss.statusAUTO4
                0x000000002000011c        0x4 ./Core/Src/global.o
                0x000000002000011c                statusAUTO4
 .bss.statusMODE2_1
                0x0000000020000120        0x4 ./Core/Src/global.o
                0x0000000020000120                statusMODE2_1
 .bss.statusMODE2_2
                0x0000000020000124        0x4 ./Core/Src/global.o
                0x0000000020000124                statusMODE2_2
 .bss.statusMODE2_3
                0x0000000020000128        0x4 ./Core/Src/global.o
                0x0000000020000128                statusMODE2_3
 .bss.statusMODE3_1
                0x000000002000012c        0x4 ./Core/Src/global.o
                0x000000002000012c                statusMODE3_1
 .bss.statusMODE3_2
                0x0000000020000130        0x4 ./Core/Src/global.o
                0x0000000020000130                statusMODE3_2
 .bss.statusMODE3_3
                0x0000000020000134        0x4 ./Core/Src/global.o
                0x0000000020000134                statusMODE3_3
 .bss.statusMODE4_1
                0x0000000020000138        0x4 ./Core/Src/global.o
                0x0000000020000138                statusMODE4_1
 .bss.statusMODE4_2
                0x000000002000013c        0x4 ./Core/Src/global.o
                0x000000002000013c                statusMODE4_2
 .bss.statusMODE4_3
                0x0000000020000140        0x4 ./Core/Src/global.o
                0x0000000020000140                statusMODE4_3
 .bss.AUTO_RED  0x0000000020000144        0x4 ./Core/Src/global.o
                0x0000000020000144                AUTO_RED
 .bss.AUTO_GREEN
                0x0000000020000148        0x4 ./Core/Src/global.o
                0x0000000020000148                AUTO_GREEN
 .bss.AUTO_YELLOW
                0x000000002000014c        0x4 ./Core/Src/global.o
                0x000000002000014c                AUTO_YELLOW
 .bss.counterRed1
                0x0000000020000150        0x4 ./Core/Src/global.o
                0x0000000020000150                counterRed1
 .bss.counterGreen1
                0x0000000020000154        0x4 ./Core/Src/global.o
                0x0000000020000154                counterGreen1
 .bss.counterYellow1
                0x0000000020000158        0x4 ./Core/Src/global.o
                0x0000000020000158                counterYellow1
 .bss.counterRed2
                0x000000002000015c        0x4 ./Core/Src/global.o
                0x000000002000015c                counterRed2
 .bss.counterGreen2
                0x0000000020000160        0x4 ./Core/Src/global.o
                0x0000000020000160                counterGreen2
 .bss.counterYellow2
                0x0000000020000164        0x4 ./Core/Src/global.o
                0x0000000020000164                counterYellow2
 .bss.SCH_tasks_G
                0x0000000020000168      0x280 ./Core/Src/scheduler.o
 .bss.__sbrk_heap_end
                0x00000000200003e8        0x4 ./Core/Src/sysmem.o
 .bss.redState1
                0x00000000200003ec        0x1 ./Core/Src/traffic_light.o
                0x00000000200003ec                redState1
 .bss.yellowState1
                0x00000000200003ed        0x1 ./Core/Src/traffic_light.o
                0x00000000200003ed                yellowState1
 .bss.greenState1
                0x00000000200003ee        0x1 ./Core/Src/traffic_light.o
                0x00000000200003ee                greenState1
 *fill*         0x00000000200003ef        0x1 
 .bss.__malloc_free_list
                0x00000000200003f0        0x4 e:/stm32_cubeide/stm32cubeide_1.7.0/stm32cubeide/plugins/com.st.stm32cube.ide.mcu.externaltools.gnu-tools-for-stm32.9-2020-q2-update.win32_2.0.0.202105311346/tools/bin/../lib/gcc/arm-none-eabi/9.3.1/../../../../arm-none-eabi/lib/thumb/v7-m/nofp\libc_nano.a(lib_a-nano-mallocr.o)
                0x00000000200003f0                __malloc_free_list
 .bss.__malloc_sbrk_start
                0x00000000200003f4        0x4 e:/stm32_cubeide/stm32cubeide_1.7.0/stm32cubeide/plugins/com.st.stm32cube.ide.mcu.externaltools.gnu-tools-for-stm32.9-2020-q2-update.win32_2.0.0.202105311346/tools/bin/../lib/gcc/arm-none-eabi/9.3.1/../../../../arm-none-eabi/lib/thumb/v7-m/nofp\libc_nano.a(lib_a-nano-mallocr.o)
                0x00000000200003f4                __malloc_sbrk_start
 *(COMMON)
 COMMON         0x00000000200003f8       0xe4 ./Core/Src/main.o
                0x00000000200003f8                hi2c1
                0x000000002000044c                htim2
                0x0000000020000494                huart2
 COMMON         0x00000000200004dc        0x4 ./Drivers/STM32F1xx_HAL_Driver/Src/stm32f1xx_hal.o
                0x00000000200004dc                uwTick
 COMMON         0x00000000200004e0        0x4 e:/stm32_cubeide/stm32cubeide_1.7.0/stm32cubeide/plugins/com.st.stm32cube.ide.mcu.externaltools.gnu-tools-for-stm32.9-2020-q2-update.win32_2.0.0.202105311346/tools/bin/../lib/gcc/arm-none-eabi/9.3.1/../../../../arm-none-eabi/lib/thumb/v7-m/nofp\libc_nano.a(lib_a-reent.o)
                0x00000000200004e0                errno
 COMMON         0x00000000200004e4        0x9 e:/stm32_cubeide/stm32cubeide_1.7.0/stm32cubeide/plugins/com.st.stm32cube.ide.mcu.externaltools.gnu-tools-for-stm32.9-2020-q2-update.win32_2.0.0.202105311346/tools/bin/../lib/gcc/arm-none-eabi/9.3.1/../../../../arm-none-eabi/lib/thumb/v7-m/nofp\libc_nano.a(lib_a-lock.o)
                0x00000000200004e4                __lock___atexit_recursive_mutex
                0x00000000200004e5                __lock___arc4random_mutex
                0x00000000200004e6                __lock___env_recursive_mutex
                0x00000000200004e7                __lock___sinit_recursive_mutex
                0x00000000200004e8                __lock___malloc_recursive_mutex
                0x00000000200004e9                __lock___at_quick_exit_mutex
                0x00000000200004ea                __lock___dd_hash_mutex
                0x00000000200004eb                __lock___tz_mutex
                0x00000000200004ec                __lock___sfp_recursive_mutex
                0x00000000200004f0                . = ALIGN (0x4)
 *fill*         0x00000000200004ed        0x3 
                0x00000000200004f0                _ebss = .
                0x00000000200004f0                __bss_end__ = _ebss

._user_heap_stack
                0x00000000200004f0      0x600 load address 0x0000000008006590
                0x00000000200004f0                . = ALIGN (0x8)
                [!provide]                        PROVIDE (end = .)
                0x00000000200004f0                PROVIDE (_end = .)
                0x00000000200006f0                . = (. + _Min_Heap_Size)
 *fill*         0x00000000200004f0      0x200 
                0x0000000020000af0                . = (. + _Min_Stack_Size)
 *fill*         0x00000000200006f0      0x400 
                0x0000000020000af0                . = ALIGN (0x8)

/DISCARD/
 libc.a(*)
 libm.a(*)
 libgcc.a(*)

.ARM.attributes
                0x0000000000000000       0x29
 *(.ARM.attributes)
 .ARM.attributes
                0x0000000000000000       0x1d e:/stm32_cubeide/stm32cubeide_1.7.0/stm32cubeide/plugins/com.st.stm32cube.ide.mcu.externaltools.gnu-tools-for-stm32.9-2020-q2-update.win32_2.0.0.202105311346/tools/bin/../lib/gcc/arm-none-eabi/9.3.1/thumb/v7-m/nofp/crti.o
 .ARM.attributes
                0x000000000000001d       0x2d e:/stm32_cubeide/stm32cubeide_1.7.0/stm32cubeide/plugins/com.st.stm32cube.ide.mcu.externaltools.gnu-tools-for-stm32.9-2020-q2-update.win32_2.0.0.202105311346/tools/bin/../lib/gcc/arm-none-eabi/9.3.1/thumb/v7-m/nofp/crtbegin.o
 .ARM.attributes
                0x000000000000004a       0x2d ./Core/Src/button.o
 .ARM.attributes
                0x0000000000000077       0x2d ./Core/Src/fsm_automatic.o
 .ARM.attributes
                0x00000000000000a4       0x2d ./Core/Src/fsm_manual.o
 .ARM.attributes
                0x00000000000000d1       0x2d ./Core/Src/global.o
 .ARM.attributes
                0x00000000000000fe       0x2d ./Core/Src/lcd.o
 .ARM.attributes
                0x000000000000012b       0x2d ./Core/Src/main.o
 .ARM.attributes
                0x0000000000000158       0x2d ./Core/Src/run_task.o
 .ARM.attributes
                0x0000000000000185       0x2d ./Core/Src/scheduler.o
 .ARM.attributes
                0x00000000000001b2       0x2d ./Core/Src/stm32f1xx_hal_msp.o
 .ARM.attributes
                0x00000000000001df       0x2d ./Core/Src/stm32f1xx_it.o
 .ARM.attributes
                0x000000000000020c       0x2d ./Core/Src/sysmem.o
 .ARM.attributes
                0x0000000000000239       0x2d ./Core/Src/system_stm32f1xx.o
 .ARM.attributes
                0x0000000000000266       0x2d ./Core/Src/traffic_light.o
 .ARM.attributes
                0x0000000000000293       0x21 ./Core/Startup/startup_stm32f103rbtx.o
 .ARM.attributes
                0x00000000000002b4       0x2d ./Drivers/STM32F1xx_HAL_Driver/Src/stm32f1xx_hal.o
 .ARM.attributes
                0x00000000000002e1       0x2d ./Drivers/STM32F1xx_HAL_Driver/Src/stm32f1xx_hal_cortex.o
 .ARM.attributes
                0x000000000000030e       0x2d ./Drivers/STM32F1xx_HAL_Driver/Src/stm32f1xx_hal_dma.o
 .ARM.attributes
                0x000000000000033b       0x2d ./Drivers/STM32F1xx_HAL_Driver/Src/stm32f1xx_hal_gpio.o
 .ARM.attributes
                0x0000000000000368       0x2d ./Drivers/STM32F1xx_HAL_Driver/Src/stm32f1xx_hal_i2c.o
 .ARM.attributes
                0x0000000000000395       0x2d ./Drivers/STM32F1xx_HAL_Driver/Src/stm32f1xx_hal_rcc.o
 .ARM.attributes
                0x00000000000003c2       0x2d ./Drivers/STM32F1xx_HAL_Driver/Src/stm32f1xx_hal_tim.o
 .ARM.attributes
                0x00000000000003ef       0x2d ./Drivers/STM32F1xx_HAL_Driver/Src/stm32f1xx_hal_tim_ex.o
 .ARM.attributes
                0x000000000000041c       0x2d ./Drivers/STM32F1xx_HAL_Driver/Src/stm32f1xx_hal_uart.o
 .ARM.attributes
                0x0000000000000449       0x2d e:/stm32_cubeide/stm32cubeide_1.7.0/stm32cubeide/plugins/com.st.stm32cube.ide.mcu.externaltools.gnu-tools-for-stm32.9-2020-q2-update.win32_2.0.0.202105311346/tools/bin/../lib/gcc/arm-none-eabi/9.3.1/../../../../arm-none-eabi/lib/thumb/v7-m/nofp\libc_nano.a(lib_a-errno.o)
 .ARM.attributes
                0x0000000000000476       0x2d e:/stm32_cubeide/stm32cubeide_1.7.0/stm32cubeide/plugins/com.st.stm32cube.ide.mcu.externaltools.gnu-tools-for-stm32.9-2020-q2-update.win32_2.0.0.202105311346/tools/bin/../lib/gcc/arm-none-eabi/9.3.1/../../../../arm-none-eabi/lib/thumb/v7-m/nofp\libc_nano.a(lib_a-impure.o)
 .ARM.attributes
                0x00000000000004a3       0x2d e:/stm32_cubeide/stm32cubeide_1.7.0/stm32cubeide/plugins/com.st.stm32cube.ide.mcu.externaltools.gnu-tools-for-stm32.9-2020-q2-update.win32_2.0.0.202105311346/tools/bin/../lib/gcc/arm-none-eabi/9.3.1/../../../../arm-none-eabi/lib/thumb/v7-m/nofp\libc_nano.a(lib_a-init.o)
 .ARM.attributes
                0x00000000000004d0       0x2d e:/stm32_cubeide/stm32cubeide_1.7.0/stm32cubeide/plugins/com.st.stm32cube.ide.mcu.externaltools.gnu-tools-for-stm32.9-2020-q2-update.win32_2.0.0.202105311346/tools/bin/../lib/gcc/arm-none-eabi/9.3.1/../../../../arm-none-eabi/lib/thumb/v7-m/nofp\libc_nano.a(lib_a-memset.o)
 .ARM.attributes
                0x00000000000004fd       0x2d e:/stm32_cubeide/stm32cubeide_1.7.0/stm32cubeide/plugins/com.st.stm32cube.ide.mcu.externaltools.gnu-tools-for-stm32.9-2020-q2-update.win32_2.0.0.202105311346/tools/bin/../lib/gcc/arm-none-eabi/9.3.1/../../../../arm-none-eabi/lib/thumb/v7-m/nofp\libc_nano.a(lib_a-snprintf.o)
 .ARM.attributes
                0x000000000000052a       0x2d e:/stm32_cubeide/stm32cubeide_1.7.0/stm32cubeide/plugins/com.st.stm32cube.ide.mcu.externaltools.gnu-tools-for-stm32.9-2020-q2-update.win32_2.0.0.202105311346/tools/bin/../lib/gcc/arm-none-eabi/9.3.1/../../../../arm-none-eabi/lib/thumb/v7-m/nofp\libc_nano.a(lib_a-nano-svfprintf.o)
 .ARM.attributes
                0x0000000000000557       0x2d e:/stm32_cubeide/stm32cubeide_1.7.0/stm32cubeide/plugins/com.st.stm32cube.ide.mcu.externaltools.gnu-tools-for-stm32.9-2020-q2-update.win32_2.0.0.202105311346/tools/bin/../lib/gcc/arm-none-eabi/9.3.1/../../../../arm-none-eabi/lib/thumb/v7-m/nofp\libc_nano.a(lib_a-nano-vfprintf_i.o)
 .ARM.attributes
                0x0000000000000584       0x2d e:/stm32_cubeide/stm32cubeide_1.7.0/stm32cubeide/plugins/com.st.stm32cube.ide.mcu.externaltools.gnu-tools-for-stm32.9-2020-q2-update.win32_2.0.0.202105311346/tools/bin/../lib/gcc/arm-none-eabi/9.3.1/../../../../arm-none-eabi/lib/thumb/v7-m/nofp\libc_nano.a(lib_a-memchr-stub.o)
 .ARM.attributes
                0x00000000000005b1       0x2d e:/stm32_cubeide/stm32cubeide_1.7.0/stm32cubeide/plugins/com.st.stm32cube.ide.mcu.externaltools.gnu-tools-for-stm32.9-2020-q2-update.win32_2.0.0.202105311346/tools/bin/../lib/gcc/arm-none-eabi/9.3.1/../../../../arm-none-eabi/lib/thumb/v7-m/nofp\libc_nano.a(lib_a-memcpy-stub.o)
 .ARM.attributes
                0x00000000000005de       0x2d e:/stm32_cubeide/stm32cubeide_1.7.0/stm32cubeide/plugins/com.st.stm32cube.ide.mcu.externaltools.gnu-tools-for-stm32.9-2020-q2-update.win32_2.0.0.202105311346/tools/bin/../lib/gcc/arm-none-eabi/9.3.1/../../../../arm-none-eabi/lib/thumb/v7-m/nofp\libc_nano.a(lib_a-memmove.o)
 .ARM.attributes
                0x000000000000060b       0x2d e:/stm32_cubeide/stm32cubeide_1.7.0/stm32cubeide/plugins/com.st.stm32cube.ide.mcu.externaltools.gnu-tools-for-stm32.9-2020-q2-update.win32_2.0.0.202105311346/tools/bin/../lib/gcc/arm-none-eabi/9.3.1/../../../../arm-none-eabi/lib/thumb/v7-m/nofp\libc_nano.a(lib_a-nano-freer.o)
 .ARM.attributes
                0x0000000000000638       0x2d e:/stm32_cubeide/stm32cubeide_1.7.0/stm32cubeide/plugins/com.st.stm32cube.ide.mcu.externaltools.gnu-tools-for-stm32.9-2020-q2-update.win32_2.0.0.202105311346/tools/bin/../lib/gcc/arm-none-eabi/9.3.1/../../../../arm-none-eabi/lib/thumb/v7-m/nofp\libc_nano.a(lib_a-nano-mallocr.o)
 .ARM.attributes
                0x0000000000000665       0x2d e:/stm32_cubeide/stm32cubeide_1.7.0/stm32cubeide/plugins/com.st.stm32cube.ide.mcu.externaltools.gnu-tools-for-stm32.9-2020-q2-update.win32_2.0.0.202105311346/tools/bin/../lib/gcc/arm-none-eabi/9.3.1/../../../../arm-none-eabi/lib/thumb/v7-m/nofp\libc_nano.a(lib_a-nano-reallocr.o)
 .ARM.attributes
                0x0000000000000692       0x2d e:/stm32_cubeide/stm32cubeide_1.7.0/stm32cubeide/plugins/com.st.stm32cube.ide.mcu.externaltools.gnu-tools-for-stm32.9-2020-q2-update.win32_2.0.0.202105311346/tools/bin/../lib/gcc/arm-none-eabi/9.3.1/../../../../arm-none-eabi/lib/thumb/v7-m/nofp\libc_nano.a(lib_a-sbrkr.o)
 .ARM.attributes
                0x00000000000006bf       0x2d e:/stm32_cubeide/stm32cubeide_1.7.0/stm32cubeide/plugins/com.st.stm32cube.ide.mcu.externaltools.gnu-tools-for-stm32.9-2020-q2-update.win32_2.0.0.202105311346/tools/bin/../lib/gcc/arm-none-eabi/9.3.1/../../../../arm-none-eabi/lib/thumb/v7-m/nofp\libc_nano.a(lib_a-mlock.o)
 .ARM.attributes
                0x00000000000006ec       0x2d e:/stm32_cubeide/stm32cubeide_1.7.0/stm32cubeide/plugins/com.st.stm32cube.ide.mcu.externaltools.gnu-tools-for-stm32.9-2020-q2-update.win32_2.0.0.202105311346/tools/bin/../lib/gcc/arm-none-eabi/9.3.1/../../../../arm-none-eabi/lib/thumb/v7-m/nofp\libc_nano.a(lib_a-nano-msizer.o)
 .ARM.attributes
                0x0000000000000719       0x2d e:/stm32_cubeide/stm32cubeide_1.7.0/stm32cubeide/plugins/com.st.stm32cube.ide.mcu.externaltools.gnu-tools-for-stm32.9-2020-q2-update.win32_2.0.0.202105311346/tools/bin/../lib/gcc/arm-none-eabi/9.3.1/../../../../arm-none-eabi/lib/thumb/v7-m/nofp\libc_nano.a(lib_a-reent.o)
 .ARM.attributes
                0x0000000000000746       0x2d e:/stm32_cubeide/stm32cubeide_1.7.0/stm32cubeide/plugins/com.st.stm32cube.ide.mcu.externaltools.gnu-tools-for-stm32.9-2020-q2-update.win32_2.0.0.202105311346/tools/bin/../lib/gcc/arm-none-eabi/9.3.1/../../../../arm-none-eabi/lib/thumb/v7-m/nofp\libc_nano.a(lib_a-lock.o)
 .ARM.attributes
                0x0000000000000773       0x1d e:/stm32_cubeide/stm32cubeide_1.7.0/stm32cubeide/plugins/com.st.stm32cube.ide.mcu.externaltools.gnu-tools-for-stm32.9-2020-q2-update.win32_2.0.0.202105311346/tools/bin/../lib/gcc/arm-none-eabi/9.3.1/thumb/v7-m/nofp/crtn.o
OUTPUT(Traffic_Light_Project.elf elf32-littlearm)
LOAD linker stubs
LOAD e:/stm32_cubeide/stm32cubeide_1.7.0/stm32cubeide/plugins/com.st.stm32cube.ide.mcu.externaltools.gnu-tools-for-stm32.9-2020-q2-update.win32_2.0.0.202105311346/tools/bin/../lib/gcc/arm-none-eabi/9.3.1/../../../../arm-none-eabi/lib/thumb/v7-m/nofp\libc.a
LOAD e:/stm32_cubeide/stm32cubeide_1.7.0/stm32cubeide/plugins/com.st.stm32cube.ide.mcu.externaltools.gnu-tools-for-stm32.9-2020-q2-update.win32_2.0.0.202105311346/tools/bin/../lib/gcc/arm-none-eabi/9.3.1/../../../../arm-none-eabi/lib/thumb/v7-m/nofp\libm.a
LOAD e:/stm32_cubeide/stm32cubeide_1.7.0/stm32cubeide/plugins/com.st.stm32cube.ide.mcu.externaltools.gnu-tools-for-stm32.9-2020-q2-update.win32_2.0.0.202105311346/tools/bin/../lib/gcc/arm-none-eabi/9.3.1/thumb/v7-m/nofp\libgcc.a

.debug_info     0x0000000000000000    0x173a0
 .debug_info    0x0000000000000000      0xd0f ./Core/Src/button.o
 .debug_info    0x0000000000000d0f      0xbd6 ./Core/Src/fsm_automatic.o
 .debug_info    0x00000000000018e5      0xbfc ./Core/Src/fsm_manual.o
 .debug_info    0x00000000000024e1      0xcfc ./Core/Src/global.o
 .debug_info    0x00000000000031dd     0x10af ./Core/Src/lcd.o
 .debug_info    0x000000000000428c     0x1c51 ./Core/Src/main.o
 .debug_info    0x0000000000005edd      0xb6c ./Core/Src/run_task.o
 .debug_info    0x0000000000006a49      0xcdf ./Core/Src/scheduler.o
 .debug_info    0x0000000000007728     0x1150 ./Core/Src/stm32f1xx_hal_msp.o
 .debug_info    0x0000000000008878      0xac4 ./Core/Src/stm32f1xx_it.o
 .debug_info    0x000000000000933c      0xa25 ./Core/Src/sysmem.o
 .debug_info    0x0000000000009d61      0x2be ./Core/Src/system_stm32f1xx.o
 .debug_info    0x000000000000a01f      0xdb7 ./Core/Src/traffic_light.o
 .debug_info    0x000000000000add6       0x22 ./Core/Startup/startup_stm32f103rbtx.o
 .debug_info    0x000000000000adf8      0x76a ./Drivers/STM32F1xx_HAL_Driver/Src/stm32f1xx_hal.o
 .debug_info    0x000000000000b562      0xbdc ./Drivers/STM32F1xx_HAL_Driver/Src/stm32f1xx_hal_cortex.o
 .debug_info    0x000000000000c13e      0x823 ./Drivers/STM32F1xx_HAL_Driver/Src/stm32f1xx_hal_dma.o
 .debug_info    0x000000000000c961      0x701 ./Drivers/STM32F1xx_HAL_Driver/Src/stm32f1xx_hal_gpio.o
 .debug_info    0x000000000000d062     0x27cb ./Drivers/STM32F1xx_HAL_Driver/Src/stm32f1xx_hal_i2c.o
 .debug_info    0x000000000000f82d      0x893 ./Drivers/STM32F1xx_HAL_Driver/Src/stm32f1xx_hal_rcc.o
 .debug_info    0x00000000000100c0     0x2c32 ./Drivers/STM32F1xx_HAL_Driver/Src/stm32f1xx_hal_tim.o
 .debug_info    0x0000000000012cf2     0x157f ./Drivers/STM32F1xx_HAL_Driver/Src/stm32f1xx_hal_tim_ex.o
 .debug_info    0x0000000000014271     0x312f ./Drivers/STM32F1xx_HAL_Driver/Src/stm32f1xx_hal_uart.o

.debug_abbrev   0x0000000000000000     0x2ec1
 .debug_abbrev  0x0000000000000000      0x23c ./Core/Src/button.o
 .debug_abbrev  0x000000000000023c      0x1ca ./Core/Src/fsm_automatic.o
 .debug_abbrev  0x0000000000000406      0x1b7 ./Core/Src/fsm_manual.o
 .debug_abbrev  0x00000000000005bd      0x1c6 ./Core/Src/global.o
 .debug_abbrev  0x0000000000000783      0x22f ./Core/Src/lcd.o
 .debug_abbrev  0x00000000000009b2      0x318 ./Core/Src/main.o
 .debug_abbrev  0x0000000000000cca      0x1b7 ./Core/Src/run_task.o
 .debug_abbrev  0x0000000000000e81      0x249 ./Core/Src/scheduler.o
 .debug_abbrev  0x00000000000010ca      0x1c8 ./Core/Src/stm32f1xx_hal_msp.o
 .debug_abbrev  0x0000000000001292      0x176 ./Core/Src/stm32f1xx_it.o
 .debug_abbrev  0x0000000000001408      0x1bf ./Core/Src/sysmem.o
 .debug_abbrev  0x00000000000015c7      0x14e ./Core/Src/system_stm32f1xx.o
 .debug_abbrev  0x0000000000001715      0x1e0 ./Core/Src/traffic_light.o
 .debug_abbrev  0x00000000000018f5       0x12 ./Core/Startup/startup_stm32f103rbtx.o
 .debug_abbrev  0x0000000000001907      0x1ed ./Drivers/STM32F1xx_HAL_Driver/Src/stm32f1xx_hal.o
 .debug_abbrev  0x0000000000001af4      0x313 ./Drivers/STM32F1xx_HAL_Driver/Src/stm32f1xx_hal_cortex.o
 .debug_abbrev  0x0000000000001e07      0x228 ./Drivers/STM32F1xx_HAL_Driver/Src/stm32f1xx_hal_dma.o
 .debug_abbrev  0x000000000000202f      0x1e8 ./Drivers/STM32F1xx_HAL_Driver/Src/stm32f1xx_hal_gpio.o
 .debug_abbrev  0x0000000000002217      0x288 ./Drivers/STM32F1xx_HAL_Driver/Src/stm32f1xx_hal_i2c.o
 .debug_abbrev  0x000000000000249f      0x273 ./Drivers/STM32F1xx_HAL_Driver/Src/stm32f1xx_hal_rcc.o
 .debug_abbrev  0x0000000000002712      0x25e ./Drivers/STM32F1xx_HAL_Driver/Src/stm32f1xx_hal_tim.o
 .debug_abbrev  0x0000000000002970      0x266 ./Drivers/STM32F1xx_HAL_Driver/Src/stm32f1xx_hal_tim_ex.o
 .debug_abbrev  0x0000000000002bd6      0x2eb ./Drivers/STM32F1xx_HAL_Driver/Src/stm32f1xx_hal_uart.o

.debug_aranges  0x0000000000000000     0x1120
 .debug_aranges
                0x0000000000000000       0x30 ./Core/Src/button.o
 .debug_aranges
                0x0000000000000030       0x38 ./Core/Src/fsm_automatic.o
 .debug_aranges
                0x0000000000000068       0x60 ./Core/Src/fsm_manual.o
 .debug_aranges
                0x00000000000000c8       0x30 ./Core/Src/global.o
 .debug_aranges
                0x00000000000000f8       0x50 ./Core/Src/lcd.o
 .debug_aranges
                0x0000000000000148       0x60 ./Core/Src/main.o
 .debug_aranges
                0x00000000000001a8       0x20 ./Core/Src/run_task.o
 .debug_aranges
                0x00000000000001c8       0x40 ./Core/Src/scheduler.o
 .debug_aranges
                0x0000000000000208       0x50 ./Core/Src/stm32f1xx_hal_msp.o
 .debug_aranges
                0x0000000000000258       0x80 ./Core/Src/stm32f1xx_it.o
 .debug_aranges
                0x00000000000002d8       0x20 ./Core/Src/sysmem.o
 .debug_aranges
                0x00000000000002f8       0x28 ./Core/Src/system_stm32f1xx.o
 .debug_aranges
                0x0000000000000320       0xa8 ./Core/Src/traffic_light.o
 .debug_aranges
                0x00000000000003c8       0x28 ./Core/Startup/startup_stm32f103rbtx.o
 .debug_aranges
                0x00000000000003f0       0xe0 ./Drivers/STM32F1xx_HAL_Driver/Src/stm32f1xx_hal.o
 .debug_aranges
                0x00000000000004d0      0x100 ./Drivers/STM32F1xx_HAL_Driver/Src/stm32f1xx_hal_cortex.o
 .debug_aranges
                0x00000000000005d0       0x80 ./Drivers/STM32F1xx_HAL_Driver/Src/stm32f1xx_hal_dma.o
 .debug_aranges
                0x0000000000000650       0x58 ./Drivers/STM32F1xx_HAL_Driver/Src/stm32f1xx_hal_gpio.o
 .debug_aranges
                0x00000000000006a8      0x2a8 ./Drivers/STM32F1xx_HAL_Driver/Src/stm32f1xx_hal_i2c.o
 .debug_aranges
                0x0000000000000950       0x90 ./Drivers/STM32F1xx_HAL_Driver/Src/stm32f1xx_hal_rcc.o
 .debug_aranges
                0x00000000000009e0      0x3d0 ./Drivers/STM32F1xx_HAL_Driver/Src/stm32f1xx_hal_tim.o
 .debug_aranges
                0x0000000000000db0      0x168 ./Drivers/STM32F1xx_HAL_Driver/Src/stm32f1xx_hal_tim_ex.o
 .debug_aranges
                0x0000000000000f18      0x208 ./Drivers/STM32F1xx_HAL_Driver/Src/stm32f1xx_hal_uart.o

.debug_ranges   0x0000000000000000     0x1000
 .debug_ranges  0x0000000000000000       0x20 ./Core/Src/button.o
 .debug_ranges  0x0000000000000020       0x28 ./Core/Src/fsm_automatic.o
 .debug_ranges  0x0000000000000048       0x50 ./Core/Src/fsm_manual.o
 .debug_ranges  0x0000000000000098       0x20 ./Core/Src/global.o
 .debug_ranges  0x00000000000000b8       0x40 ./Core/Src/lcd.o
 .debug_ranges  0x00000000000000f8       0x50 ./Core/Src/main.o
 .debug_ranges  0x0000000000000148       0x10 ./Core/Src/run_task.o
 .debug_ranges  0x0000000000000158       0x30 ./Core/Src/scheduler.o
 .debug_ranges  0x0000000000000188       0x40 ./Core/Src/stm32f1xx_hal_msp.o
 .debug_ranges  0x00000000000001c8       0x70 ./Core/Src/stm32f1xx_it.o
 .debug_ranges  0x0000000000000238       0x10 ./Core/Src/sysmem.o
 .debug_ranges  0x0000000000000248       0x18 ./Core/Src/system_stm32f1xx.o
 .debug_ranges  0x0000000000000260       0x98 ./Core/Src/traffic_light.o
 .debug_ranges  0x00000000000002f8       0x20 ./Core/Startup/startup_stm32f103rbtx.o
 .debug_ranges  0x0000000000000318       0xd0 ./Drivers/STM32F1xx_HAL_Driver/Src/stm32f1xx_hal.o
 .debug_ranges  0x00000000000003e8       0xf0 ./Drivers/STM32F1xx_HAL_Driver/Src/stm32f1xx_hal_cortex.o
 .debug_ranges  0x00000000000004d8       0x70 ./Drivers/STM32F1xx_HAL_Driver/Src/stm32f1xx_hal_dma.o
 .debug_ranges  0x0000000000000548       0x48 ./Drivers/STM32F1xx_HAL_Driver/Src/stm32f1xx_hal_gpio.o
 .debug_ranges  0x0000000000000590      0x2b0 ./Drivers/STM32F1xx_HAL_Driver/Src/stm32f1xx_hal_i2c.o
 .debug_ranges  0x0000000000000840       0x80 ./Drivers/STM32F1xx_HAL_Driver/Src/stm32f1xx_hal_rcc.o
 .debug_ranges  0x00000000000008c0      0x3c0 ./Drivers/STM32F1xx_HAL_Driver/Src/stm32f1xx_hal_tim.o
 .debug_ranges  0x0000000000000c80      0x158 ./Drivers/STM32F1xx_HAL_Driver/Src/stm32f1xx_hal_tim_ex.o
 .debug_ranges  0x0000000000000dd8      0x228 ./Drivers/STM32F1xx_HAL_Driver/Src/stm32f1xx_hal_uart.o

.debug_macro    0x0000000000000000    0x19de7
 .debug_macro   0x0000000000000000      0x37c ./Core/Src/button.o
 .debug_macro   0x000000000000037c      0xa9c ./Core/Src/button.o
 .debug_macro   0x0000000000000e18      0x221 ./Core/Src/button.o
 .debug_macro   0x0000000000001039       0x2e ./Core/Src/button.o
 .debug_macro   0x0000000000001067       0x22 ./Core/Src/button.o
 .debug_macro   0x0000000000001089       0x22 ./Core/Src/button.o
 .debug_macro   0x00000000000010ab       0x8e ./Core/Src/button.o
 .debug_macro   0x0000000000001139       0x51 ./Core/Src/button.o
 .debug_macro   0x000000000000118a      0x103 ./Core/Src/button.o
 .debug_macro   0x000000000000128d       0x6a ./Core/Src/button.o
 .debug_macro   0x00000000000012f7      0x1df ./Core/Src/button.o
 .debug_macro   0x00000000000014d6       0x1c ./Core/Src/button.o
 .debug_macro   0x00000000000014f2       0x22 ./Core/Src/button.o
 .debug_macro   0x0000000000001514       0xc3 ./Core/Src/button.o
 .debug_macro   0x00000000000015d7      0xd23 ./Core/Src/button.o
 .debug_macro   0x00000000000022fa     0xe09e ./Core/Src/button.o
 .debug_macro   0x0000000000010398       0x6d ./Core/Src/button.o
 .debug_macro   0x0000000000010405     0x34a2 ./Core/Src/button.o
 .debug_macro   0x00000000000138a7      0x174 ./Core/Src/button.o
 .debug_macro   0x0000000000013a1b       0x5c ./Core/Src/button.o
 .debug_macro   0x0000000000013a77      0x5bc ./Core/Src/button.o
 .debug_macro   0x0000000000014033      0x289 ./Core/Src/button.o
 .debug_macro   0x00000000000142bc      0x1cb ./Core/Src/button.o
 .debug_macro   0x0000000000014487      0x114 ./Core/Src/button.o
 .debug_macro   0x000000000001459b      0x1b2 ./Core/Src/button.o
 .debug_macro   0x000000000001474d       0x27 ./Core/Src/button.o
 .debug_macro   0x0000000000014774      0x136 ./Core/Src/button.o
 .debug_macro   0x00000000000148aa      0x1bc ./Core/Src/button.o
 .debug_macro   0x0000000000014a66       0x34 ./Core/Src/button.o
 .debug_macro   0x0000000000014a9a       0x3c ./Core/Src/button.o
 .debug_macro   0x0000000000014ad6       0x57 ./Core/Src/button.o
 .debug_macro   0x0000000000014b2d       0x87 ./Core/Src/button.o
 .debug_macro   0x0000000000014bb4      0x240 ./Core/Src/button.o
 .debug_macro   0x0000000000014df4      0x287 ./Core/Src/button.o
 .debug_macro   0x000000000001507b      0x140 ./Core/Src/button.o
 .debug_macro   0x00000000000151bb      0x8ed ./Core/Src/button.o
 .debug_macro   0x0000000000015aa8      0x28e ./Core/Src/button.o
 .debug_macro   0x0000000000015d36       0x83 ./Core/Src/button.o
 .debug_macro   0x0000000000015db9       0xe2 ./Core/Src/button.o
 .debug_macro   0x0000000000015e9b       0x16 ./Core/Src/button.o
 .debug_macro   0x0000000000015eb1       0x52 ./Core/Src/button.o
 .debug_macro   0x0000000000015f03       0x18 ./Core/Src/button.o
 .debug_macro   0x0000000000015f1b       0x3c ./Core/Src/button.o
 .debug_macro   0x0000000000015f57       0x34 ./Core/Src/button.o
 .debug_macro   0x0000000000015f8b       0x16 ./Core/Src/button.o
 .debug_macro   0x0000000000015fa1       0x35 ./Core/Src/button.o
 .debug_macro   0x0000000000015fd6      0x333 ./Core/Src/button.o
 .debug_macro   0x0000000000016309       0x10 ./Core/Src/button.o
 .debug_macro   0x0000000000016319       0x16 ./Core/Src/button.o
 .debug_macro   0x000000000001632f       0x43 ./Core/Src/button.o
 .debug_macro   0x0000000000016372       0x34 ./Core/Src/button.o
 .debug_macro   0x00000000000163a6       0x10 ./Core/Src/button.o
 .debug_macro   0x00000000000163b6       0x58 ./Core/Src/button.o
 .debug_macro   0x000000000001640e       0x71 ./Core/Src/button.o
 .debug_macro   0x000000000001647f       0x1c ./Core/Src/button.o
 .debug_macro   0x000000000001649b      0x12a ./Core/Src/button.o
 .debug_macro   0x00000000000165c5       0x10 ./Core/Src/button.o
 .debug_macro   0x00000000000165d5       0x1c ./Core/Src/button.o
 .debug_macro   0x00000000000165f1       0x52 ./Core/Src/button.o
 .debug_macro   0x0000000000016643       0x22 ./Core/Src/button.o
 .debug_macro   0x0000000000016665       0x10 ./Core/Src/button.o
 .debug_macro   0x0000000000016675       0x40 ./Core/Src/button.o
 .debug_macro   0x00000000000166b5       0xd5 ./Core/Src/button.o
 .debug_macro   0x000000000001678a       0x1c ./Core/Src/button.o
 .debug_macro   0x00000000000167a6       0x3d ./Core/Src/button.o
 .debug_macro   0x00000000000167e3       0x16 ./Core/Src/button.o
 .debug_macro   0x00000000000167f9      0x145 ./Core/Src/button.o
 .debug_macro   0x000000000001693e       0x82 ./Core/Src/button.o
 .debug_macro   0x00000000000169c0       0x10 ./Core/Src/button.o
 .debug_macro   0x00000000000169d0      0x380 ./Core/Src/fsm_automatic.o
 .debug_macro   0x0000000000016d50      0x380 ./Core/Src/fsm_manual.o
 .debug_macro   0x00000000000170d0      0x378 ./Core/Src/global.o
 .debug_macro   0x0000000000017448      0x31c ./Core/Src/lcd.o
 .debug_macro   0x0000000000017764      0x396 ./Core/Src/main.o
 .debug_macro   0x0000000000017afa      0x382 ./Core/Src/run_task.o
 .debug_macro   0x0000000000017e7c      0x378 ./Core/Src/scheduler.o
 .debug_macro   0x00000000000181f4      0x1bc ./Core/Src/stm32f1xx_hal_msp.o
 .debug_macro   0x00000000000183b0      0x1c6 ./Core/Src/stm32f1xx_it.o
 .debug_macro   0x0000000000018576       0xff ./Core/Src/sysmem.o
 .debug_macro   0x0000000000018675      0x23b ./Core/Src/sysmem.o
 .debug_macro   0x00000000000188b0      0x1ad ./Core/Src/system_stm32f1xx.o
 .debug_macro   0x0000000000018a5d      0x384 ./Core/Src/traffic_light.o
 .debug_macro   0x0000000000018de1      0x1d1 ./Drivers/STM32F1xx_HAL_Driver/Src/stm32f1xx_hal.o
 .debug_macro   0x0000000000018fb2      0x1ad ./Drivers/STM32F1xx_HAL_Driver/Src/stm32f1xx_hal_cortex.o
 .debug_macro   0x000000000001915f      0x1ad ./Drivers/STM32F1xx_HAL_Driver/Src/stm32f1xx_hal_dma.o
 .debug_macro   0x000000000001930c      0x218 ./Drivers/STM32F1xx_HAL_Driver/Src/stm32f1xx_hal_gpio.o
 .debug_macro   0x0000000000019524      0x1fb ./Drivers/STM32F1xx_HAL_Driver/Src/stm32f1xx_hal_i2c.o
 .debug_macro   0x000000000001971f      0x1bf ./Drivers/STM32F1xx_HAL_Driver/Src/stm32f1xx_hal_rcc.o
 .debug_macro   0x00000000000198de      0x1ae ./Drivers/STM32F1xx_HAL_Driver/Src/stm32f1xx_hal_tim.o
 .debug_macro   0x0000000000019a8c      0x1ad ./Drivers/STM32F1xx_HAL_Driver/Src/stm32f1xx_hal_tim_ex.o
 .debug_macro   0x0000000000019c39      0x1ae ./Drivers/STM32F1xx_HAL_Driver/Src/stm32f1xx_hal_uart.o

.debug_line     0x0000000000000000    0x1636a
 .debug_line    0x0000000000000000      0x9ac ./Core/Src/button.o
 .debug_line    0x00000000000009ac      0xa96 ./Core/Src/fsm_automatic.o
 .debug_line    0x0000000000001442      0xc10 ./Core/Src/fsm_manual.o
 .debug_line    0x0000000000002052      0x966 ./Core/Src/global.o
 .debug_line    0x00000000000029b8      0x983 ./Core/Src/lcd.o
 .debug_line    0x000000000000333b      0xaef ./Core/Src/main.o
 .debug_line    0x0000000000003e2a      0x925 ./Core/Src/run_task.o
 .debug_line    0x000000000000474f      0xa79 ./Core/Src/scheduler.o
 .debug_line    0x00000000000051c8      0x796 ./Core/Src/stm32f1xx_hal_msp.o
 .debug_line    0x000000000000595e      0x7e2 ./Core/Src/stm32f1xx_it.o
 .debug_line    0x0000000000006140      0x52f ./Core/Src/sysmem.o
 .debug_line    0x000000000000666f      0x740 ./Core/Src/system_stm32f1xx.o
 .debug_line    0x0000000000006daf      0xb4f ./Core/Src/traffic_light.o
 .debug_line    0x00000000000078fe       0x86 ./Core/Startup/startup_stm32f103rbtx.o
 .debug_line    0x0000000000007984      0x96b ./Drivers/STM32F1xx_HAL_Driver/Src/stm32f1xx_hal.o
 .debug_line    0x00000000000082ef      0xb53 ./Drivers/STM32F1xx_HAL_Driver/Src/stm32f1xx_hal_cortex.o
 .debug_line    0x0000000000008e42      0xdc4 ./Drivers/STM32F1xx_HAL_Driver/Src/stm32f1xx_hal_dma.o
 .debug_line    0x0000000000009c06      0xa04 ./Drivers/STM32F1xx_HAL_Driver/Src/stm32f1xx_hal_gpio.o
 .debug_line    0x000000000000a60a     0x3b01 ./Drivers/STM32F1xx_HAL_Driver/Src/stm32f1xx_hal_i2c.o
 .debug_line    0x000000000000e10b      0xd77 ./Drivers/STM32F1xx_HAL_Driver/Src/stm32f1xx_hal_rcc.o
 .debug_line    0x000000000000ee82     0x3405 ./Drivers/STM32F1xx_HAL_Driver/Src/stm32f1xx_hal_tim.o
 .debug_line    0x0000000000012287     0x18b1 ./Drivers/STM32F1xx_HAL_Driver/Src/stm32f1xx_hal_tim_ex.o
 .debug_line    0x0000000000013b38     0x2832 ./Drivers/STM32F1xx_HAL_Driver/Src/stm32f1xx_hal_uart.o

.debug_str      0x0000000000000000    0x8de37
 .debug_str     0x0000000000000000    0x89369 ./Core/Src/button.o
                                      0x8974f (size before relaxing)
 .debug_str     0x0000000000089369       0x6d ./Core/Src/fsm_automatic.o
                                      0x896e6 (size before relaxing)
 .debug_str     0x00000000000893d6       0xa9 ./Core/Src/fsm_manual.o
                                      0x89722 (size before relaxing)
 .debug_str     0x000000000008947f       0x3f ./Core/Src/global.o
                                      0x896b8 (size before relaxing)
 .debug_str     0x00000000000894be      0x484 ./Core/Src/lcd.o
                                      0x89596 (size before relaxing)
 .debug_str     0x0000000000089942      0x999 ./Core/Src/main.o
                                      0x8a5da (size before relaxing)
 .debug_str     0x000000000008a2db       0x20 ./Core/Src/run_task.o
                                      0x896aa (size before relaxing)
 .debug_str     0x000000000008a2fb       0x9c ./Core/Src/scheduler.o
                                      0x8972f (size before relaxing)
 .debug_str     0x000000000008a397       0xe1 ./Core/Src/stm32f1xx_hal_msp.o
                                      0x86027 (size before relaxing)
 .debug_str     0x000000000008a478      0x108 ./Core/Src/stm32f1xx_it.o
                                      0x85b0d (size before relaxing)
 .debug_str     0x000000000008a580      0x4e9 ./Core/Src/sysmem.o
                                       0x6251 (size before relaxing)
 .debug_str     0x000000000008aa69       0x52 ./Core/Src/system_stm32f1xx.o
                                      0x8502f (size before relaxing)
 .debug_str     0x000000000008aabb      0x146 ./Core/Src/traffic_light.o
                                      0x897f0 (size before relaxing)
 .debug_str     0x000000000008ac01       0x36 ./Core/Startup/startup_stm32f103rbtx.o
                                         0x65 (size before relaxing)
 .debug_str     0x000000000008ac37      0x304 ./Drivers/STM32F1xx_HAL_Driver/Src/stm32f1xx_hal.o
                                      0x856c0 (size before relaxing)
 .debug_str     0x000000000008af3b      0x300 ./Drivers/STM32F1xx_HAL_Driver/Src/stm32f1xx_hal_cortex.o
                                      0x856c8 (size before relaxing)
 .debug_str     0x000000000008b23b      0x235 ./Drivers/STM32F1xx_HAL_Driver/Src/stm32f1xx_hal_dma.o
                                      0x8540a (size before relaxing)
 .debug_str     0x000000000008b470      0x31f ./Drivers/STM32F1xx_HAL_Driver/Src/stm32f1xx_hal_gpio.o
                                      0x853f3 (size before relaxing)
 .debug_str     0x000000000008b78f      0xb9a ./Drivers/STM32F1xx_HAL_Driver/Src/stm32f1xx_hal_i2c.o
                                      0x860be (size before relaxing)
 .debug_str     0x000000000008c329      0x244 ./Drivers/STM32F1xx_HAL_Driver/Src/stm32f1xx_hal_rcc.o
                                      0x8542c (size before relaxing)
 .debug_str     0x000000000008c56d      0xdcd ./Drivers/STM32F1xx_HAL_Driver/Src/stm32f1xx_hal_tim.o
                                      0x86415 (size before relaxing)
 .debug_str     0x000000000008d33a      0x4ee ./Drivers/STM32F1xx_HAL_Driver/Src/stm32f1xx_hal_tim_ex.o
                                      0x85bb6 (size before relaxing)
 .debug_str     0x000000000008d828      0x60f ./Drivers/STM32F1xx_HAL_Driver/Src/stm32f1xx_hal_uart.o
                                      0x85a84 (size before relaxing)

.comment        0x0000000000000000       0x53
 .comment       0x0000000000000000       0x53 ./Core/Src/button.o
                                         0x54 (size before relaxing)
 .comment       0x0000000000000053       0x54 ./Core/Src/fsm_automatic.o
 .comment       0x0000000000000053       0x54 ./Core/Src/fsm_manual.o
 .comment       0x0000000000000053       0x54 ./Core/Src/global.o
 .comment       0x0000000000000053       0x54 ./Core/Src/lcd.o