traffic_light.c:18:6:enableRed1	8	static
traffic_light.c:23:6:enableYellow1	8	static
traffic_light.c:27:6:enableGreen1	8	static
traffic_light.c:32:6:enableRed2	8	static
traffic_light.c:37:6:enableYellow2	8	static
traffic_light.c:41:6:enableGreen2	8	static
traffic_light.c:46:6:enableRed3	8	static
traffic_light.c:51:6:enableYellow3	8	static
traffic_light.c:55:6:enableGreen3	8	static
traffic_light.c:60:6:enableRed4	8	static
traffic_light.c:65:6:enableYellow4	8	static
traffic_light.c:69:6:enableGreen4	8	static
traffic_light.c:75:6:toggleRED1	8	static
traffic_light.c:92:6:toggleRED2	8	static
traffic_light.c:110:6:toggleGREEN1	8	static
traffic_light.c:127:6:toggleGREEN2	8	static
traffic_light.c:145:6:toggleYELLOW1	8	static
traffic_light.c:162:6:toggleYELLOW2	8	static
